Archive member included to satisfy reference by file (symbol)

c:/st/stm32cubeide_1.3.0/stm32cubeide/plugins/com.st.stm32cube.ide.mcu.externaltools.gnu-tools-for-stm32.7-2018-q2-update.win32_1.0.0.201904181610/tools/bin/../lib/gcc/arm-none-eabi/7.3.1/../../../../arm-none-eabi/lib/thumb/v7e-m/fpv4-sp/hard\libc_nano.a(lib_a-errno.o)
                              Core/Src/syscalls.o (__errno)
c:/st/stm32cubeide_1.3.0/stm32cubeide/plugins/com.st.stm32cube.ide.mcu.externaltools.gnu-tools-for-stm32.7-2018-q2-update.win32_1.0.0.201904181610/tools/bin/../lib/gcc/arm-none-eabi/7.3.1/../../../../arm-none-eabi/lib/thumb/v7e-m/fpv4-sp/hard\libc_nano.a(lib_a-exit.o)
                              c:/st/stm32cubeide_1.3.0/stm32cubeide/plugins/com.st.stm32cube.ide.mcu.externaltools.gnu-tools-for-stm32.7-2018-q2-update.win32_1.0.0.201904181610/tools/bin/../lib/gcc/arm-none-eabi/7.3.1/../../../../arm-none-eabi/lib/thumb/v7e-m/fpv4-sp/hard/crt0.o (exit)
c:/st/stm32cubeide_1.3.0/stm32cubeide/plugins/com.st.stm32cube.ide.mcu.externaltools.gnu-tools-for-stm32.7-2018-q2-update.win32_1.0.0.201904181610/tools/bin/../lib/gcc/arm-none-eabi/7.3.1/../../../../arm-none-eabi/lib/thumb/v7e-m/fpv4-sp/hard\libc_nano.a(lib_a-impure.o)
                              c:/st/stm32cubeide_1.3.0/stm32cubeide/plugins/com.st.stm32cube.ide.mcu.externaltools.gnu-tools-for-stm32.7-2018-q2-update.win32_1.0.0.201904181610/tools/bin/../lib/gcc/arm-none-eabi/7.3.1/../../../../arm-none-eabi/lib/thumb/v7e-m/fpv4-sp/hard\libc_nano.a(lib_a-exit.o) (_global_impure_ptr)
c:/st/stm32cubeide_1.3.0/stm32cubeide/plugins/com.st.stm32cube.ide.mcu.externaltools.gnu-tools-for-stm32.7-2018-q2-update.win32_1.0.0.201904181610/tools/bin/../lib/gcc/arm-none-eabi/7.3.1/../../../../arm-none-eabi/lib/thumb/v7e-m/fpv4-sp/hard\libc_nano.a(lib_a-init.o)
                              c:/st/stm32cubeide_1.3.0/stm32cubeide/plugins/com.st.stm32cube.ide.mcu.externaltools.gnu-tools-for-stm32.7-2018-q2-update.win32_1.0.0.201904181610/tools/bin/../lib/gcc/arm-none-eabi/7.3.1/../../../../arm-none-eabi/lib/thumb/v7e-m/fpv4-sp/hard/crt0.o (__libc_init_array)
c:/st/stm32cubeide_1.3.0/stm32cubeide/plugins/com.st.stm32cube.ide.mcu.externaltools.gnu-tools-for-stm32.7-2018-q2-update.win32_1.0.0.201904181610/tools/bin/../lib/gcc/arm-none-eabi/7.3.1/../../../../arm-none-eabi/lib/thumb/v7e-m/fpv4-sp/hard\libc_nano.a(lib_a-malloc.o)
                              Core/Src/WorkQueue.o (malloc)
c:/st/stm32cubeide_1.3.0/stm32cubeide/plugins/com.st.stm32cube.ide.mcu.externaltools.gnu-tools-for-stm32.7-2018-q2-update.win32_1.0.0.201904181610/tools/bin/../lib/gcc/arm-none-eabi/7.3.1/../../../../arm-none-eabi/lib/thumb/v7e-m/fpv4-sp/hard\libc_nano.a(lib_a-memcpy-stub.o)
                              Core/Src/WorkQueue.o (memcpy)
c:/st/stm32cubeide_1.3.0/stm32cubeide/plugins/com.st.stm32cube.ide.mcu.externaltools.gnu-tools-for-stm32.7-2018-q2-update.win32_1.0.0.201904181610/tools/bin/../lib/gcc/arm-none-eabi/7.3.1/../../../../arm-none-eabi/lib/thumb/v7e-m/fpv4-sp/hard\libc_nano.a(lib_a-memset.o)
                              c:/st/stm32cubeide_1.3.0/stm32cubeide/plugins/com.st.stm32cube.ide.mcu.externaltools.gnu-tools-for-stm32.7-2018-q2-update.win32_1.0.0.201904181610/tools/bin/../lib/gcc/arm-none-eabi/7.3.1/../../../../arm-none-eabi/lib/thumb/v7e-m/fpv4-sp/hard/crt0.o (memset)
c:/st/stm32cubeide_1.3.0/stm32cubeide/plugins/com.st.stm32cube.ide.mcu.externaltools.gnu-tools-for-stm32.7-2018-q2-update.win32_1.0.0.201904181610/tools/bin/../lib/gcc/arm-none-eabi/7.3.1/../../../../arm-none-eabi/lib/thumb/v7e-m/fpv4-sp/hard\libc_nano.a(lib_a-nano-freer.o)
                              c:/st/stm32cubeide_1.3.0/stm32cubeide/plugins/com.st.stm32cube.ide.mcu.externaltools.gnu-tools-for-stm32.7-2018-q2-update.win32_1.0.0.201904181610/tools/bin/../lib/gcc/arm-none-eabi/7.3.1/../../../../arm-none-eabi/lib/thumb/v7e-m/fpv4-sp/hard\libc_nano.a(lib_a-malloc.o) (_free_r)
c:/st/stm32cubeide_1.3.0/stm32cubeide/plugins/com.st.stm32cube.ide.mcu.externaltools.gnu-tools-for-stm32.7-2018-q2-update.win32_1.0.0.201904181610/tools/bin/../lib/gcc/arm-none-eabi/7.3.1/../../../../arm-none-eabi/lib/thumb/v7e-m/fpv4-sp/hard\libc_nano.a(lib_a-nano-mallocr.o)
                              c:/st/stm32cubeide_1.3.0/stm32cubeide/plugins/com.st.stm32cube.ide.mcu.externaltools.gnu-tools-for-stm32.7-2018-q2-update.win32_1.0.0.201904181610/tools/bin/../lib/gcc/arm-none-eabi/7.3.1/../../../../arm-none-eabi/lib/thumb/v7e-m/fpv4-sp/hard\libc_nano.a(lib_a-malloc.o) (_malloc_r)
c:/st/stm32cubeide_1.3.0/stm32cubeide/plugins/com.st.stm32cube.ide.mcu.externaltools.gnu-tools-for-stm32.7-2018-q2-update.win32_1.0.0.201904181610/tools/bin/../lib/gcc/arm-none-eabi/7.3.1/../../../../arm-none-eabi/lib/thumb/v7e-m/fpv4-sp/hard\libc_nano.a(lib_a-sbrkr.o)
[...]
Memory Configuration

Name             Origin             Length             Attributes
RAM              0x0000000020000000 0x0000000000020000 xrw
FLASH            0x0000000008000000 0x0000000000080000 xr
*default*        0x0000000000000000 0xffffffffffffffff

Linker script and memory map

LOAD c:/st/stm32cubeide_1.3.0/stm32cubeide/plugins/com.st.stm32cube.ide.mcu.externaltools.gnu-tools-for-stm32.7-2018-q2-update.win32_1.0.0.201904181610/tools/bin/../lib/gcc/arm-none-eabi/7.3.1/thumb/v7e-m/fpv4-sp/hard/crti.o
LOAD c:/st/stm32cubeide_1.3.0/stm32cubeide/plugins/com.st.stm32cube.ide.mcu.externaltools.gnu-tools-for-stm32.7-2018-q2-update.win32_1.0.0.201904181610/tools/bin/../lib/gcc/arm-none-eabi/7.3.1/thumb/v7e-m/fpv4-sp/hard/crtbegin.o
LOAD c:/st/stm32cubeide_1.3.0/stm32cubeide/plugins/com.st.stm32cube.ide.mcu.externaltools.gnu-tools-for-stm32.7-2018-q2-update.win32_1.0.0.201904181610/tools/bin/../lib/gcc/arm-none-eabi/7.3.1/../../../../arm-none-eabi/lib/thumb/v7e-m/fpv4-sp/hard/crt0.o
LOAD Core/Src/BluetoothCom.o
LOAD Core/Src/DelayMS.o
LOAD Core/Src/FlameSensor.o
LOAD Core/Src/Magnetometer.o
LOAD Core/Src/MotorDriver.o
LOAD Core/Src/Temperature.o
LOAD Core/Src/UltraSonicSensor.o
LOAD Core/Src/WorkQueue.o
LOAD Core/Src/main.o
LOAD Core/Src/stm32f4xx_hal_msp.o
LOAD Core/Src/stm32f4xx_it.o
LOAD Core/Src/syscalls.o
LOAD Core/Src/sysmem.o
LOAD Core/Src/system_stm32f4xx.o
LOAD Core/Startup/startup_stm32f411retx.o
LOAD Drivers/STM32F4xx_HAL_Driver/Src/stm32f4xx_hal.o
LOAD Drivers/STM32F4xx_HAL_Driver/Src/stm32f4xx_hal_cortex.o
LOAD Drivers/STM32F4xx_HAL_Driver/Src/stm32f4xx_hal_dma.o
LOAD Drivers/STM32F4xx_HAL_Driver/Src/stm32f4xx_hal_dma_ex.o
LOAD Drivers/STM32F4xx_HAL_Driver/Src/stm32f4xx_hal_exti.o
LOAD Drivers/STM32F4xx_HAL_Driver/Src/stm32f4xx_hal_flash.o
LOAD Drivers/STM32F4xx_HAL_Driver/Src/stm32f4xx_hal_flash_ex.o
LOAD Drivers/STM32F4xx_HAL_Driver/Src/stm32f4xx_hal_flash_ramfunc.o
LOAD Drivers/STM32F4xx_HAL_Driver/Src/stm32f4xx_hal_gpio.o
LOAD Drivers/STM32F4xx_HAL_Driver/Src/stm32f4xx_hal_i2c.o
LOAD Drivers/STM32F4xx_HAL_Driver/Src/stm32f4xx_hal_i2c_ex.o
LOAD Drivers/STM32F4xx_HAL_Driver/Src/stm32f4xx_hal_pwr.o
LOAD Drivers/STM32F4xx_HAL_Driver/Src/stm32f4xx_hal_pwr_ex.o
LOAD Drivers/STM32F4xx_HAL_Driver/Src/stm32f4xx_hal_rcc.o
LOAD Drivers/STM32F4xx_HAL_Driver/Src/stm32f4xx_hal_rcc_ex.o
LOAD Drivers/STM32F4xx_HAL_Driver/Src/stm32f4xx_hal_tim.o
LOAD Drivers/STM32F4xx_HAL_Driver/Src/stm32f4xx_hal_tim_ex.o
LOAD Drivers/STM32F4xx_HAL_Driver/Src/stm32f4xx_hal_uart.o
START GROUP
LOAD c:/st/stm32cubeide_1.3.0/stm32cubeide/plugins/com.st.stm32cube.ide.mcu.externaltools.gnu-tools-for-stm32.7-2018-q2-update.win32_1.0.0.201904181610/tools/bin/../lib/gcc/arm-none-eabi/7.3.1/../../../../arm-none-eabi/lib/thumb/v7e-m/fpv4-sp/hard\libc_nano.a
LOAD c:/st/stm32cubeide_1.3.0/stm32cubeide/plugins/com.st.stm32cube.ide.mcu.externaltools.gnu-tools-for-stm32.7-2018-q2-update.win32_1.0.0.201904181610/tools/bin/../lib/gcc/arm-none-eabi/7.3.1/../../../../arm-none-eabi/lib/thumb/v7e-m/fpv4-sp/hard\libm.a
END GROUP
START GROUP
LOAD c:/st/stm32cubeide_1.3.0/stm32cubeide/plugins/com.st.stm32cube.ide.mcu.externaltools.gnu-tools-for-stm32.7-2018-q2-update.win32_1.0.0.201904181610/tools/bin/../lib/gcc/arm-none-eabi/7.3.1/thumb/v7e-m/fpv4-sp/hard\libgcc.a
LOAD c:/st/stm32cubeide_1.3.0/stm32cubeide/plugins/com.st.stm32cube.ide.mcu.externaltools.gnu-tools-for-stm32.7-2018-q2-update.win32_1.0.0.201904181610/tools/bin/../lib/gcc/arm-none-eabi/7.3.1/../../../../arm-none-eabi/lib/thumb/v7e-m/fpv4-sp/hard\libc_nano.a
END GROUP
START GROUP
LOAD c:/st/stm32cubeide_1.3.0/stm32cubeide/plugins/com.st.stm32cube.ide.mcu.externaltools.gnu-tools-for-stm32.7-2018-q2-update.win32_1.0.0.201904181610/tools/bin/../lib/gcc/arm-none-eabi/7.3.1/thumb/v7e-m/fpv4-sp/hard\libgcc.a
LOAD c:/st/stm32cubeide_1.3.0/stm32cubeide/plugins/com.st.stm32cube.ide.mcu.externaltools.gnu-tools-for-stm32.7-2018-q2-update.win32_1.0.0.201904181610/tools/bin/../lib/gcc/arm-none-eabi/7.3.1/../../../../arm-none-eabi/lib/thumb/v7e-m/fpv4-sp/hard\libc_nano.a
LOAD c:/st/stm32cubeide_1.3.0/stm32cubeide/plugins/com.st.stm32cube.ide.mcu.externaltools.gnu-tools-for-stm32.7-2018-q2-update.win32_1.0.0.201904181610/tools/bin/../lib/gcc/arm-none-eabi/7.3.1/../../../../arm-none-eabi/lib/thumb/v7e-m/fpv4-sp/hard\libnosys.a
END GROUP
START GROUP
LOAD c:/st/stm32cubeide_1.3.0/stm32cubeide/plugins/com.st.stm32cube.ide.mcu.externaltools.gnu-tools-for-stm32.7-2018-q2-update.win32_1.0.0.201904181610/tools/bin/../lib/gcc/arm-none-eabi/7.3.1/thumb/v7e-m/fpv4-sp/hard\libgcc.a
LOAD c:/st/stm32cubeide_1.3.0/stm32cubeide/plugins/com.st.stm32cube.ide.mcu.externaltools.gnu-tools-for-stm32.7-2018-q2-update.win32_1.0.0.201904181610/tools/bin/../lib/gcc/arm-none-eabi/7.3.1/../../../../arm-none-eabi/lib/thumb/v7e-m/fpv4-sp/hard\libc_nano.a
LOAD c:/st/stm32cubeide_1.3.0/stm32cubeide/plugins/com.st.stm32cube.ide.mcu.externaltools.gnu-tools-for-stm32.7-2018-q2-update.win32_1.0.0.201904181610/tools/bin/../lib/gcc/arm-none-eabi/7.3.1/../../../../arm-none-eabi/lib/thumb/v7e-m/fpv4-sp/hard\libnosys.a
END GROUP
LOAD c:/st/stm32cubeide_1.3.0/stm32cubeide/plugins/com.st.stm32cube.ide.mcu.externaltools.gnu-tools-for-stm32.7-2018-q2-update.win32_1.0.0.201904181610/tools/bin/../lib/gcc/arm-none-eabi/7.3.1/thumb/v7e-m/fpv4-sp/hard/crtend.o
LOAD c:/st/stm32cubeide_1.3.0/stm32cubeide/plugins/com.st.stm32cube.ide.mcu.externaltools.gnu-tools-for-stm32.7-2018-q2-update.win32_1.0.0.201904181610/tools/bin/../lib/gcc/arm-none-eabi/7.3.1/thumb/v7e-m/fpv4-sp/hard/crtn.o
                0x0000000020020000                _estack = (ORIGIN (RAM) + LENGTH (RAM))
                0x0000000000000200                _Min_Heap_Size = 0x200
                0x0000000000000400                _Min_Stack_Size = 0x400

.isr_vector     0x0000000008000000      0x198
                0x0000000008000000                . = ALIGN (0x4)
 *(.isr_vector)
 .isr_vector    0x0000000008000000      0x198 Core/Startup/startup_stm32f411retx.o
                0x0000000008000000                g_pfnVectors
                0x0000000008000198                . = ALIGN (0x4)

.text           0x0000000008000198     0x6eec
                0x0000000008000198                . = ALIGN (0x4)
 *(.text)
 .text          0x0000000008000198       0x40 c:/st/stm32cubeide_1.3.0/stm32cubeide/plugins/com.st.stm32cube.ide.mcu.externaltools.gnu-tools-for-stm32.7-2018-q2-update.win32_1.0.0.201904181610/tools/bin/../lib/gcc/arm-none-eabi/7.3.1/thumb/v7e-m/fpv4-sp/hard/crtbegin.o
 .text          0x00000000080001d8      0x378 c:/st/stm32cubeide_1.3.0/stm32cubeide/plugins/com.st.stm32cube.ide.mcu.externaltools.gnu-tools-for-stm32.7-2018-q2-update.win32_1.0.0.201904181610/tools/bin/../lib/gcc/arm-none-eabi/7.3.1/thumb/v7e-m/fpv4-sp/hard\libgcc.a(_arm_addsubdf3.o)
                0x00000000080001d8                __aeabi_drsub
                0x00000000080001e0                __aeabi_dsub
                0x00000000080001e0                __subdf3
                0x00000000080001e4                __aeabi_dadd
                0x00000000080001e4                __adddf3
                0x000000000800045c                __floatunsidf
                0x000000000800045c                __aeabi_ui2d
                0x000000000800047c                __floatsidf
                0x000000000800047c                __aeabi_i2d
                0x00000000080004a0                __aeabi_f2d
                0x00000000080004a0                __extendsfdf2
                0x00000000080004e4                __floatundidf
                0x00000000080004e4                __aeabi_ul2d
                0x00000000080004f4                __floatdidf
                0x00000000080004f4                __aeabi_l2d
 .text          0x0000000008000550      0x424 c:/st/stm32cubeide_1.3.0/stm32cubeide/plugins/com.st.stm32cube.ide.mcu.externaltools.gnu-tools-for-stm32.7-2018-q2-update.win32_1.0.0.201904181610/tools/bin/../lib/gcc/arm-none-eabi/7.3.1/thumb/v7e-m/fpv4-sp/hard\libgcc.a(_arm_muldivdf3.o)
                0x0000000008000550                __aeabi_dmul
                0x0000000008000550                __muldf3
                0x00000000080007a4                __divdf3
                0x00000000080007a4                __aeabi_ddiv
 .text          0x0000000008000974      0x110 c:/st/stm32cubeide_1.3.0/stm32cubeide/plugins/com.st.stm32cube.ide.mcu.externaltools.gnu-tools-for-stm32.7-2018-q2-update.win32_1.0.0.201904181610/tools/bin/../lib/gcc/arm-none-eabi/7.3.1/thumb/v7e-m/fpv4-sp/hard\libgcc.a(_arm_cmpdf2.o)
                0x0000000008000974                __gtdf2
                0x0000000008000974                __gedf2
                0x000000000800097c                __ltdf2
                0x000000000800097c                __ledf2
                0x0000000008000984                __nedf2
                0x0000000008000984                __eqdf2
                0x0000000008000984                __cmpdf2
                0x0000000008000a00                __aeabi_cdrcmple
                0x0000000008000a10                __aeabi_cdcmpeq
                0x0000000008000a10                __aeabi_cdcmple
                0x0000000008000a20                __aeabi_dcmpeq
                0x0000000008000a34                __aeabi_dcmplt
                0x0000000008000a48                __aeabi_dcmple
                0x0000000008000a5c                __aeabi_dcmpge
                0x0000000008000a70                __aeabi_dcmpgt
 .text          0x0000000008000a84       0x40 c:/st/stm32cubeide_1.3.0/stm32cubeide/plugins/com.st.stm32cube.ide.mcu.externaltools.gnu-tools-for-stm32.7-2018-q2-update.win32_1.0.0.201904181610/tools/bin/../lib/gcc/arm-none-eabi/7.3.1/thumb/v7e-m/fpv4-sp/hard\libgcc.a(_arm_fixunsdfsi.o)
                0x0000000008000a84                __aeabi_d2uiz
                0x0000000008000a84                __fixunsdfsi
 .text          0x0000000008000ac4       0x30 c:/st/stm32cubeide_1.3.0/stm32cubeide/plugins/com.st.stm32cube.ide.mcu.externaltools.gnu-tools-for-stm32.7-2018-q2-update.win32_1.0.0.201904181610/tools/bin/../lib/gcc/arm-none-eabi/7.3.1/thumb/v7e-m/fpv4-sp/hard\libgcc.a(_aeabi_uldivmod.o)
                0x0000000008000ac4                __aeabi_uldivmod
 .text          0x0000000008000af4      0x2cc c:/st/stm32cubeide_1.3.0/stm32cubeide/plugins/com.st.stm32cube.ide.mcu.externaltools.gnu-tools-for-stm32.7-2018-q2-update.win32_1.0.0.201904181610/tools/bin/../lib/gcc/arm-none-eabi/7.3.1/thumb/v7e-m/fpv4-sp/hard\libgcc.a(_udivmoddi4.o)
                0x0000000008000af4                __udivmoddi4
 .text          0x0000000008000dc0        0x4 c:/st/stm32cubeide_1.3.0/stm32cubeide/plugins/com.st.stm32cube.ide.mcu.externaltools.gnu-tools-for-stm32.7-2018-q2-update.win32_1.0.0.201904181610/tools/bin/../lib/gcc/arm-none-eabi/7.3.1/thumb/v7e-m/fpv4-sp/hard\libgcc.a(_dvmd_tls.o)
                0x0000000008000dc0                __aeabi_idiv0
                0x0000000008000dc0                __aeabi_ldiv0
 *(.text*)
 .text.initBluetooth
                0x0000000008000dc4       0x30 Core/Src/BluetoothCom.o
                0x0000000008000dc4                initBluetooth
 .text.sendDataDMA
                0x0000000008000df4       0x28 Core/Src/BluetoothCom.o
                0x0000000008000df4                sendDataDMA
 .text.sendData
                0x0000000008000e1c       0x28 Core/Src/BluetoothCom.o
                0x0000000008000e1c                sendData
 .text.initDelayMS
                0x0000000008000e44       0x24 Core/Src/DelayMS.o
                0x0000000008000e44                initDelayMS
 .text.delay_us
                0x0000000008000e68       0x34 Core/Src/DelayMS.o
                0x0000000008000e68                delay_us
 .text.initFlameSensor
                0x0000000008000e9c       0x38 Core/Src/FlameSensor.o
                0x0000000008000e9c                initFlameSensor
 .text.readFlameSensor
                0x0000000008000ed4       0x70 Core/Src/FlameSensor.o
                0x0000000008000ed4                readFlameSensor
 .text.initMagnetometer
                0x0000000008000f44       0x34 Core/Src/Magnetometer.o
                0x0000000008000f44                initMagnetometer
 .text.initializeRegisters
                0x0000000008000f78       0x90 Core/Src/Magnetometer.o
                0x0000000008000f78                initializeRegisters
 .text.softResetMagnetometer
                0x0000000008001008       0x44 Core/Src/Magnetometer.o
                0x0000000008001008                softResetMagnetometer
 *fill*         0x000000000800104c        0x4 
 .text.getDegree
                0x0000000008001050      0x124 Core/Src/Magnetometer.o
                0x0000000008001050                getDegree
 .text.readMagnetometerReg
                0x0000000008001174       0x5c Core/Src/Magnetometer.o
                0x0000000008001174                readMagnetometerReg
 .text.readCompass
                0x00000000080011d0       0x94 Core/Src/Magnetometer.o
                0x00000000080011d0                readCompass
 .text.initMotorDriver
                0x0000000008001264       0x64 Core/Src/MotorDriver.o
                0x0000000008001264                initMotorDriver
 .text.goForward
                0x00000000080012c8       0x50 Core/Src/MotorDriver.o
                0x00000000080012c8                goForward
 .text.setMotorValue
                0x0000000008001318       0x20 Core/Src/MotorDriver.o
                0x0000000008001318                setMotorValue
 .text.getMotorValue
                0x0000000008001338       0x18 Core/Src/MotorDriver.o
                0x0000000008001338                getMotorValue
 .text.turnCar  0x0000000008001350       0xc8 Core/Src/MotorDriver.o
                0x0000000008001350                turnCar
 .text.resetMotorPins
                0x0000000008001418       0x44 Core/Src/MotorDriver.o
                0x0000000008001418                resetMotorPins
 .text.motorGoForwardReturn
                0x000000000800145c       0x1c Core/Src/MotorDriver.o
                0x000000000800145c                motorGoForwardReturn
 .text.sendMotorMissionEnded
                0x0000000008001478       0x1c Core/Src/MotorDriver.o
                0x0000000008001478                sendMotorMissionEnded
 .text.motorTimerCallback
                0x0000000008001494       0x3c Core/Src/MotorDriver.o
                0x0000000008001494                motorTimerCallback
 .text.initTemperatureSensor
                0x00000000080014d0       0x54 Core/Src/Temperature.o
                0x00000000080014d0                initTemperatureSensor
 .text.setPinOutput
                0x0000000008001524       0x24 Core/Src/Temperature.o
                0x0000000008001524                setPinOutput
 .text.setPinInput
                0x0000000008001548       0x24 Core/Src/Temperature.o
                0x0000000008001548                setPinInput
 .text.sendResetPulse
                0x000000000800156c       0x68 Core/Src/Temperature.o
                0x000000000800156c                sendResetPulse
 .text.setSensorMode
                0x00000000080015d4       0x2a Core/Src/Temperature.o
                0x00000000080015d4                setSensorMode
 *fill*         0x00000000080015fe        0x2 
 .text.writeTempSensor
                0x0000000008001600       0x80 Core/Src/Temperature.o
                0x0000000008001600                writeTempSensor
 .text.readTempSensor
                0x0000000008001680       0x7c Core/Src/Temperature.o
                0x0000000008001680                readTempSensor
 .text.measureTemperature
                0x00000000080016fc       0x28 Core/Src/Temperature.o
                0x00000000080016fc                measureTemperature
 .text.sendTemperatureVal
                0x0000000008001724       0x44 Core/Src/Temperature.o
                0x0000000008001724                sendTemperatureVal
 .text.initUltraSonicSensor
                0x0000000008001768       0xa4 Core/Src/UltraSonicSensor.o
                0x0000000008001768                initUltraSonicSensor
 .text.readSensor
                0x000000000800180c      0x10c Core/Src/UltraSonicSensor.o
                0x000000000800180c                readSensor
 .text.measureLeftDistance
                0x0000000008001918       0x30 Core/Src/UltraSonicSensor.o
                0x0000000008001918                measureLeftDistance
 .text.measureCenterDistance
                0x0000000008001948       0x30 Core/Src/UltraSonicSensor.o
                0x0000000008001948                measureCenterDistance
 .text.measureRightDistance
                0x0000000008001978       0x30 Core/Src/UltraSonicSensor.o
                0x0000000008001978                measureRightDistance
 .text.measureDistances
                0x00000000080019a8       0xa0 Core/Src/UltraSonicSensor.o
                0x00000000080019a8                measureDistances
 .text.createQueue
                0x0000000008001a48       0x54 Core/Src/WorkQueue.o
                0x0000000008001a48                createQueue
 .text.isFull   0x0000000008001a9c       0x26 Core/Src/WorkQueue.o
                0x0000000008001a9c                isFull
 .text.isEmpty  0x0000000008001ac2       0x22 Core/Src/WorkQueue.o
                0x0000000008001ac2                isEmpty
 .text.enqueue  0x0000000008001ae4       0x68 Core/Src/WorkQueue.o
                0x0000000008001ae4                enqueue
 .text.dequeue  0x0000000008001b4c       0x5c Core/Src/WorkQueue.o
                0x0000000008001b4c                dequeue
 .text.HAL_TIM_PeriodElapsedCallback
                0x0000000008001ba8       0xa8 Core/Src/main.o
                0x0000000008001ba8                HAL_TIM_PeriodElapsedCallback
 .text.HAL_UART_RxCpltCallback
                0x0000000008001c50       0x28 Core/Src/main.o
                0x0000000008001c50                HAL_UART_RxCpltCallback
 .text.HAL_GPIO_EXTI_Callback
                0x0000000008001c78       0x30 Core/Src/main.o
                0x0000000008001c78                HAL_GPIO_EXTI_Callback
 .text.startSensorTimers
                0x0000000008001ca8       0x14 Core/Src/main.o
                0x0000000008001ca8                startSensorTimers
 .text.stopSensorTimers
                0x0000000008001cbc       0x14 Core/Src/main.o
                0x0000000008001cbc                stopSensorTimers
 .text.main     0x0000000008001cd0      0x28c Core/Src/main.o
                0x0000000008001cd0                main
 .text.SystemClock_Config
                0x0000000008001f5c       0xd0 Core/Src/main.o
                0x0000000008001f5c                SystemClock_Config
 .text.MX_I2C1_Init
                0x000000000800202c       0x5c Core/Src/main.o
 .text.MX_TIM1_Init
                0x0000000008002088       0xac Core/Src/main.o
 .text.MX_TIM2_Init
                0x0000000008002134       0xa4 Core/Src/main.o
 .text.MX_TIM3_Init
                0x00000000080021d8       0xa4 Core/Src/main.o
 .text.MX_TIM4_Init
                0x000000000800227c       0xa8 Core/Src/main.o
 .text.MX_USART1_UART_Init
                0x0000000008002324       0x54 Core/Src/main.o
 .text.MX_DMA_Init
                0x0000000008002378       0x50 Core/Src/main.o
 .text.MX_GPIO_Init
                0x00000000080023c8      0x18c Core/Src/main.o
 .text.Error_Handler
                0x0000000008002554        0xe Core/Src/main.o
                0x0000000008002554                Error_Handler
 *fill*         0x0000000008002562        0x2 
 .text.HAL_MspInit
                0x0000000008002564       0x50 Core/Src/stm32f4xx_hal_msp.o
                0x0000000008002564                HAL_MspInit
 .text.HAL_I2C_MspInit
                0x00000000080025b4       0x90 Core/Src/stm32f4xx_hal_msp.o
                0x00000000080025b4                HAL_I2C_MspInit
 .text.HAL_TIM_Base_MspInit
                0x0000000008002644       0xf0 Core/Src/stm32f4xx_hal_msp.o
                0x0000000008002644                HAL_TIM_Base_MspInit
 .text.HAL_UART_MspInit
                0x0000000008002734      0x170 Core/Src/stm32f4xx_hal_msp.o
                0x0000000008002734                HAL_UART_MspInit
 .text.NMI_Handler
                0x00000000080028a4        0xe Core/Src/stm32f4xx_it.o
                0x00000000080028a4                NMI_Handler
 .text.HardFault_Handler
                0x00000000080028b2        0x6 Core/Src/stm32f4xx_it.o
                0x00000000080028b2                HardFault_Handler
 .text.MemManage_Handler
                0x00000000080028b8        0x6 Core/Src/stm32f4xx_it.o
                0x00000000080028b8                MemManage_Handler
 .text.BusFault_Handler
                0x00000000080028be        0x6 Core/Src/stm32f4xx_it.o
                0x00000000080028be                BusFault_Handler
 .text.UsageFault_Handler
                0x00000000080028c4        0x6 Core/Src/stm32f4xx_it.o
                0x00000000080028c4                UsageFault_Handler
 .text.SVC_Handler
                0x00000000080028ca        0xe Core/Src/stm32f4xx_it.o
                0x00000000080028ca                SVC_Handler
 .text.DebugMon_Handler
                0x00000000080028d8        0xe Core/Src/stm32f4xx_it.o
                0x00000000080028d8                DebugMon_Handler
 .text.PendSV_Handler
                0x00000000080028e6        0xe Core/Src/stm32f4xx_it.o
                0x00000000080028e6                PendSV_Handler
 .text.SysTick_Handler
                0x00000000080028f4        0xc Core/Src/stm32f4xx_it.o
                0x00000000080028f4                SysTick_Handler
 .text.TIM1_UP_TIM10_IRQHandler
                0x0000000008002900       0x14 Core/Src/stm32f4xx_it.o
                0x0000000008002900                TIM1_UP_TIM10_IRQHandler
 .text.TIM2_IRQHandler
                0x0000000008002914       0x14 Core/Src/stm32f4xx_it.o
                0x0000000008002914                TIM2_IRQHandler
 .text.TIM4_IRQHandler
                0x0000000008002928       0x14 Core/Src/stm32f4xx_it.o
                0x0000000008002928                TIM4_IRQHandler
 .text.USART1_IRQHandler
                0x000000000800293c       0x14 Core/Src/stm32f4xx_it.o
                0x000000000800293c                USART1_IRQHandler
 .text.EXTI15_10_IRQHandler
                0x0000000008002950       0x10 Core/Src/stm32f4xx_it.o
                0x0000000008002950                EXTI15_10_IRQHandler
 .text.DMA2_Stream2_IRQHandler
                0x0000000008002960       0x14 Core/Src/stm32f4xx_it.o
                0x0000000008002960                DMA2_Stream2_IRQHandler
 .text.DMA2_Stream7_IRQHandler
                0x0000000008002974       0x14 Core/Src/stm32f4xx_it.o
                0x0000000008002974                DMA2_Stream7_IRQHandler
 .text._sbrk    0x0000000008002988       0x58 Core/Src/sysmem.o
                0x0000000008002988                _sbrk
 .text.SystemInit
                0x00000000080029e0       0x2c Core/Src/system_stm32f4xx.o
                0x00000000080029e0                SystemInit
 .text.Reset_Handler
                0x0000000008002a0c       0x50 Core/Startup/startup_stm32f411retx.o
                0x0000000008002a0c                Reset_Handler
 .text.Default_Handler
                0x0000000008002a5c        0x2 Core/Startup/startup_stm32f411retx.o
                0x0000000008002a5c                RTC_Alarm_IRQHandler
                0x0000000008002a5c                EXTI2_IRQHandler
                0x0000000008002a5c                SPI4_IRQHandler
                0x0000000008002a5c                TIM1_CC_IRQHandler
                0x0000000008002a5c                DMA2_Stream5_IRQHandler
                0x0000000008002a5c                DMA1_Stream5_IRQHandler
                0x0000000008002a5c                PVD_IRQHandler
                0x0000000008002a5c                SDIO_IRQHandler
                0x0000000008002a5c                TAMP_STAMP_IRQHandler
                0x0000000008002a5c                EXTI3_IRQHandler
                0x0000000008002a5c                I2C3_ER_IRQHandler
                0x0000000008002a5c                EXTI0_IRQHandler
                0x0000000008002a5c                I2C2_EV_IRQHandler
                0x0000000008002a5c                DMA1_Stream2_IRQHandler
                0x0000000008002a5c                FPU_IRQHandler
                0x0000000008002a5c                SPI1_IRQHandler
                0x0000000008002a5c                TIM1_BRK_TIM9_IRQHandler
                0x0000000008002a5c                DMA2_Stream3_IRQHandler
                0x0000000008002a5c                USART6_IRQHandler
                0x0000000008002a5c                DMA2_Stream0_IRQHandler
                0x0000000008002a5c                I2C1_EV_IRQHandler
                0x0000000008002a5c                DMA1_Stream6_IRQHandler
                0x0000000008002a5c                DMA1_Stream1_IRQHandler
                0x0000000008002a5c                TIM3_IRQHandler
                0x0000000008002a5c                RCC_IRQHandler
                0x0000000008002a5c                Default_Handler
                0x0000000008002a5c                ADC_IRQHandler
                0x0000000008002a5c                DMA1_Stream7_IRQHandler
                0x0000000008002a5c                SPI5_IRQHandler
                0x0000000008002a5c                TIM5_IRQHandler
                0x0000000008002a5c                I2C3_EV_IRQHandler
                0x0000000008002a5c                EXTI9_5_IRQHandler
                0x0000000008002a5c                RTC_WKUP_IRQHandler
                0x0000000008002a5c                SPI2_IRQHandler
                0x0000000008002a5c                DMA1_Stream0_IRQHandler
                0x0000000008002a5c                EXTI4_IRQHandler
                0x0000000008002a5c                WWDG_IRQHandler
                0x0000000008002a5c                OTG_FS_WKUP_IRQHandler
                0x0000000008002a5c                TIM1_TRG_COM_TIM11_IRQHandler
                0x0000000008002a5c                EXTI1_IRQHandler
                0x0000000008002a5c                USART2_IRQHandler
                0x0000000008002a5c                I2C2_ER_IRQHandler
                0x0000000008002a5c                DMA2_Stream1_IRQHandler
                0x0000000008002a5c                FLASH_IRQHandler
                0x0000000008002a5c                DMA2_Stream4_IRQHandler
                0x0000000008002a5c                OTG_FS_IRQHandler
                0x0000000008002a5c                SPI3_IRQHandler
                0x0000000008002a5c                DMA1_Stream4_IRQHandler
                0x0000000008002a5c                I2C1_ER_IRQHandler
                0x0000000008002a5c                DMA2_Stream6_IRQHandler
                0x0000000008002a5c                DMA1_Stream3_IRQHandler
 *fill*         0x0000000008002a5e        0x2 
 .text.HAL_Init
                0x0000000008002a60       0x44 Drivers/STM32F4xx_HAL_Driver/Src/stm32f4xx_hal.o
                0x0000000008002a60                HAL_Init
 .text.HAL_InitTick
                0x0000000008002aa4       0x60 Drivers/STM32F4xx_HAL_Driver/Src/stm32f4xx_hal.o
                0x0000000008002aa4                HAL_InitTick
 .text.HAL_IncTick
                0x0000000008002b04       0x28 Drivers/STM32F4xx_HAL_Driver/Src/stm32f4xx_hal.o
                0x0000000008002b04                HAL_IncTick
 .text.HAL_GetTick
                0x0000000008002b2c       0x18 Drivers/STM32F4xx_HAL_Driver/Src/stm32f4xx_hal.o
                0x0000000008002b2c                HAL_GetTick
 .text.HAL_Delay
                0x0000000008002b44       0x44 Drivers/STM32F4xx_HAL_Driver/Src/stm32f4xx_hal.o
                0x0000000008002b44                HAL_Delay
 .text.__NVIC_SetPriorityGrouping
                0x0000000008002b88       0x48 Drivers/STM32F4xx_HAL_Driver/Src/stm32f4xx_hal_cortex.o
 .text.__NVIC_GetPriorityGrouping
                0x0000000008002bd0       0x1c Drivers/STM32F4xx_HAL_Driver/Src/stm32f4xx_hal_cortex.o
 .text.__NVIC_EnableIRQ
                0x0000000008002bec       0x3c Drivers/STM32F4xx_HAL_Driver/Src/stm32f4xx_hal_cortex.o
 .text.__NVIC_SetPriority
                0x0000000008002c28       0x54 Drivers/STM32F4xx_HAL_Driver/Src/stm32f4xx_hal_cortex.o
 .text.NVIC_EncodePriority
                0x0000000008002c7c       0x66 Drivers/STM32F4xx_HAL_Driver/Src/stm32f4xx_hal_cortex.o
 *fill*         0x0000000008002ce2        0x2 
 .text.SysTick_Config
                0x0000000008002ce4       0x44 Drivers/STM32F4xx_HAL_Driver/Src/stm32f4xx_hal_cortex.o
 .text.HAL_NVIC_SetPriorityGrouping
                0x0000000008002d28       0x16 Drivers/STM32F4xx_HAL_Driver/Src/stm32f4xx_hal_cortex.o
                0x0000000008002d28                HAL_NVIC_SetPriorityGrouping
 .text.HAL_NVIC_SetPriority
                0x0000000008002d3e       0x38 Drivers/STM32F4xx_HAL_Driver/Src/stm32f4xx_hal_cortex.o
                0x0000000008002d3e                HAL_NVIC_SetPriority
 .text.HAL_NVIC_EnableIRQ
                0x0000000008002d76       0x1c Drivers/STM32F4xx_HAL_Driver/Src/stm32f4xx_hal_cortex.o
                0x0000000008002d76                HAL_NVIC_EnableIRQ
 .text.HAL_SYSTICK_Config
                0x0000000008002d92       0x18 Drivers/STM32F4xx_HAL_Driver/Src/stm32f4xx_hal_cortex.o
                0x0000000008002d92                HAL_SYSTICK_Config
 *fill*         0x0000000008002daa        0x2 
 .text.HAL_DMA_Init
                0x0000000008002dac      0x15c Drivers/STM32F4xx_HAL_Driver/Src/stm32f4xx_hal_dma.o
                0x0000000008002dac                HAL_DMA_Init
 .text.HAL_DMA_Start_IT
                0x0000000008002f08       0xb0 Drivers/STM32F4xx_HAL_Driver/Src/stm32f4xx_hal_dma.o
                0x0000000008002f08                HAL_DMA_Start_IT
 .text.HAL_DMA_Abort_IT
                0x0000000008002fb8       0x44 Drivers/STM32F4xx_HAL_Driver/Src/stm32f4xx_hal_dma.o
                0x0000000008002fb8                HAL_DMA_Abort_IT
 .text.HAL_DMA_IRQHandler
                0x0000000008002ffc      0x314 Drivers/STM32F4xx_HAL_Driver/Src/stm32f4xx_hal_dma.o
                0x0000000008002ffc                HAL_DMA_IRQHandler
 .text.DMA_SetConfig
                0x0000000008003310       0x5c Drivers/STM32F4xx_HAL_Driver/Src/stm32f4xx_hal_dma.o
 .text.DMA_CalcBaseAndBitshift
                0x000000000800336c       0x6c Drivers/STM32F4xx_HAL_Driver/Src/stm32f4xx_hal_dma.o
 .text.DMA_CheckFifoParam
                0x00000000080033d8       0xf4 Drivers/STM32F4xx_HAL_Driver/Src/stm32f4xx_hal_dma.o
 .text.HAL_GPIO_Init
                0x00000000080034cc      0x304 Drivers/STM32F4xx_HAL_Driver/Src/stm32f4xx_hal_gpio.o
                0x00000000080034cc                HAL_GPIO_Init
 .text.HAL_GPIO_ReadPin
                0x00000000080037d0       0x30 Drivers/STM32F4xx_HAL_Driver/Src/stm32f4xx_hal_gpio.o
                0x00000000080037d0                HAL_GPIO_ReadPin
 .text.HAL_GPIO_WritePin
                0x0000000008003800       0x32 Drivers/STM32F4xx_HAL_Driver/Src/stm32f4xx_hal_gpio.o
                0x0000000008003800                HAL_GPIO_WritePin
 *fill*         0x0000000008003832        0x2 
 .text.HAL_GPIO_EXTI_IRQHandler
                0x0000000008003834       0x30 Drivers/STM32F4xx_HAL_Driver/Src/stm32f4xx_hal_gpio.o
                0x0000000008003834                HAL_GPIO_EXTI_IRQHandler
 .text.HAL_I2C_Init
                0x0000000008003864      0x270 Drivers/STM32F4xx_HAL_Driver/Src/stm32f4xx_hal_i2c.o
                0x0000000008003864                HAL_I2C_Init
 .text.HAL_I2C_Master_Transmit
                0x0000000008003ad4      0x1fc Drivers/STM32F4xx_HAL_Driver/Src/stm32f4xx_hal_i2c.o
                0x0000000008003ad4                HAL_I2C_Master_Transmit
 .text.HAL_I2C_Master_Receive
                0x0000000008003cd0      0x44c Drivers/STM32F4xx_HAL_Driver/Src/stm32f4xx_hal_i2c.o
                0x0000000008003cd0                HAL_I2C_Master_Receive
 .text.I2C_MasterRequestWrite
                0x000000000800411c      0x104 Drivers/STM32F4xx_HAL_Driver/Src/stm32f4xx_hal_i2c.o
 .text.I2C_MasterRequestRead
                0x0000000008004220      0x198 Drivers/STM32F4xx_HAL_Driver/Src/stm32f4xx_hal_i2c.o
 .text.I2C_WaitOnFlagUntilTimeout
                0x00000000080043b8       0xae Drivers/STM32F4xx_HAL_Driver/Src/stm32f4xx_hal_i2c.o
 .text.I2C_WaitOnMasterAddressFlagUntilTimeout
                0x0000000008004466       0xfe Drivers/STM32F4xx_HAL_Driver/Src/stm32f4xx_hal_i2c.o
 .text.I2C_WaitOnTXEFlagUntilTimeout
                0x0000000008004564       0x82 Drivers/STM32F4xx_HAL_Driver/Src/stm32f4xx_hal_i2c.o
 .text.I2C_WaitOnBTFFlagUntilTimeout
                0x00000000080045e6       0x82 Drivers/STM32F4xx_HAL_Driver/Src/stm32f4xx_hal_i2c.o
 .text.I2C_WaitOnRXNEFlagUntilTimeout
                0x0000000008004668       0xac Drivers/STM32F4xx_HAL_Driver/Src/stm32f4xx_hal_i2c.o
 .text.I2C_IsAcknowledgeFailed
                0x0000000008004714       0x5e Drivers/STM32F4xx_HAL_Driver/Src/stm32f4xx_hal_i2c.o
 *fill*         0x0000000008004772        0x2 
 .text.HAL_RCC_OscConfig
                0x0000000008004774      0x4e0 Drivers/STM32F4xx_HAL_Driver/Src/stm32f4xx_hal_rcc.o
                0x0000000008004774                HAL_RCC_OscConfig
 .text.HAL_RCC_ClockConfig
                0x0000000008004c54      0x1cc Drivers/STM32F4xx_HAL_Driver/Src/stm32f4xx_hal_rcc.o
                0x0000000008004c54                HAL_RCC_ClockConfig
 .text.HAL_RCC_GetSysClockFreq
                0x0000000008004e20      0x1b0 Drivers/STM32F4xx_HAL_Driver/Src/stm32f4xx_hal_rcc.o
                0x0000000008004e20                HAL_RCC_GetSysClockFreq
 .text.HAL_RCC_GetHCLKFreq
                0x0000000008004fd0       0x18 Drivers/STM32F4xx_HAL_Driver/Src/stm32f4xx_hal_rcc.o
                0x0000000008004fd0                HAL_RCC_GetHCLKFreq
 .text.HAL_RCC_GetPCLK1Freq
                0x0000000008004fe8       0x28 Drivers/STM32F4xx_HAL_Driver/Src/stm32f4xx_hal_rcc.o
                0x0000000008004fe8                HAL_RCC_GetPCLK1Freq
 .text.HAL_RCC_GetPCLK2Freq
                0x0000000008005010       0x28 Drivers/STM32F4xx_HAL_Driver/Src/stm32f4xx_hal_rcc.o
                0x0000000008005010                HAL_RCC_GetPCLK2Freq
 .text.HAL_TIM_Base_Init
                0x0000000008005038       0x56 Drivers/STM32F4xx_HAL_Driver/Src/stm32f4xx_hal_tim.o
                0x0000000008005038                HAL_TIM_Base_Init
 .text.HAL_TIM_Base_Start
                0x000000000800508e       0x48 Drivers/STM32F4xx_HAL_Driver/Src/stm32f4xx_hal_tim.o
                0x000000000800508e                HAL_TIM_Base_Start
 .text.HAL_TIM_Base_Start_IT
                0x00000000080050d6       0x48 Drivers/STM32F4xx_HAL_Driver/Src/stm32f4xx_hal_tim.o
                0x00000000080050d6                HAL_TIM_Base_Start_IT
 .text.HAL_TIM_Base_Stop_IT
                0x000000000800511e       0x56 Drivers/STM32F4xx_HAL_Driver/Src/stm32f4xx_hal_tim.o
                0x000000000800511e                HAL_TIM_Base_Stop_IT
 .text.HAL_TIM_IRQHandler
                0x0000000008005174      0x210 Drivers/STM32F4xx_HAL_Driver/Src/stm32f4xx_hal_tim.o
                0x0000000008005174                HAL_TIM_IRQHandler
 .text.HAL_TIM_ConfigClockSource
                0x0000000008005384      0x16e Drivers/STM32F4xx_HAL_Driver/Src/stm32f4xx_hal_tim.o
                0x0000000008005384                HAL_TIM_ConfigClockSource
 .text.HAL_TIM_OC_DelayElapsedCallback
                0x00000000080054f2       0x14 Drivers/STM32F4xx_HAL_Driver/Src/stm32f4xx_hal_tim.o
                0x00000000080054f2                HAL_TIM_OC_DelayElapsedCallback
 .text.HAL_TIM_IC_CaptureCallback
                0x0000000008005506       0x14 Drivers/STM32F4xx_HAL_Driver/Src/stm32f4xx_hal_tim.o
                0x0000000008005506                HAL_TIM_IC_CaptureCallback
 .text.HAL_TIM_PWM_PulseFinishedCallback
                0x000000000800551a       0x14 Drivers/STM32F4xx_HAL_Driver/Src/stm32f4xx_hal_tim.o
                0x000000000800551a                HAL_TIM_PWM_PulseFinishedCallback
 .text.HAL_TIM_TriggerCallback
                0x000000000800552e       0x14 Drivers/STM32F4xx_HAL_Driver/Src/stm32f4xx_hal_tim.o
                0x000000000800552e                HAL_TIM_TriggerCallback
 *fill*         0x0000000008005542        0x2 
 .text.TIM_Base_SetConfig
                0x0000000008005544      0x100 Drivers/STM32F4xx_HAL_Driver/Src/stm32f4xx_hal_tim.o
                0x0000000008005544                TIM_Base_SetConfig
 .text.TIM_TI1_ConfigInputStage
                0x0000000008005644       0x5e Drivers/STM32F4xx_HAL_Driver/Src/stm32f4xx_hal_tim.o
 .text.TIM_TI2_ConfigInputStage
                0x00000000080056a2       0x60 Drivers/STM32F4xx_HAL_Driver/Src/stm32f4xx_hal_tim.o
 .text.TIM_ITRx_SetConfig
                0x0000000008005702       0x36 Drivers/STM32F4xx_HAL_Driver/Src/stm32f4xx_hal_tim.o
 .text.TIM_ETR_SetConfig
                0x0000000008005738       0x40 Drivers/STM32F4xx_HAL_Driver/Src/stm32f4xx_hal_tim.o
                0x0000000008005738                TIM_ETR_SetConfig
 .text.HAL_TIMEx_MasterConfigSynchronization
                0x0000000008005778       0xdc Drivers/STM32F4xx_HAL_Driver/Src/stm32f4xx_hal_tim_ex.o
                0x0000000008005778                HAL_TIMEx_MasterConfigSynchronization
 .text.HAL_TIMEx_CommutCallback
                0x0000000008005854       0x14 Drivers/STM32F4xx_HAL_Driver/Src/stm32f4xx_hal_tim_ex.o
                0x0000000008005854                HAL_TIMEx_CommutCallback
 .text.HAL_TIMEx_BreakCallback
                0x0000000008005868       0x14 Drivers/STM32F4xx_HAL_Driver/Src/stm32f4xx_hal_tim_ex.o
                0x0000000008005868                HAL_TIMEx_BreakCallback
 .text.HAL_UART_Init
                0x000000000800587c       0x9a Drivers/STM32F4xx_HAL_Driver/Src/stm32f4xx_hal_uart.o
                0x000000000800587c                HAL_UART_Init
 .text.HAL_UART_Transmit
                0x0000000008005916      0x132 Drivers/STM32F4xx_HAL_Driver/Src/stm32f4xx_hal_uart.o
                0x0000000008005916                HAL_UART_Transmit
 .text.HAL_UART_Transmit_DMA
                0x0000000008005a48       0xd8 Drivers/STM32F4xx_HAL_Driver/Src/stm32f4xx_hal_uart.o
                0x0000000008005a48                HAL_UART_Transmit_DMA
 .text.HAL_UART_Receive_DMA
                0x0000000008005b20      0x100 Drivers/STM32F4xx_HAL_Driver/Src/stm32f4xx_hal_uart.o
                0x0000000008005b20                HAL_UART_Receive_DMA
 .text.HAL_UART_IRQHandler
                0x0000000008005c20      0x200 Drivers/STM32F4xx_HAL_Driver/Src/stm32f4xx_hal_uart.o
                0x0000000008005c20                HAL_UART_IRQHandler
 .text.HAL_UART_TxCpltCallback
                0x0000000008005e20       0x14 Drivers/STM32F4xx_HAL_Driver/Src/stm32f4xx_hal_uart.o
                0x0000000008005e20                HAL_UART_TxCpltCallback
 .text.HAL_UART_TxHalfCpltCallback
                0x0000000008005e34       0x14 Drivers/STM32F4xx_HAL_Driver/Src/stm32f4xx_hal_uart.o
                0x0000000008005e34                HAL_UART_TxHalfCpltCallback
 .text.HAL_UART_RxHalfCpltCallback
                0x0000000008005e48       0x14 Drivers/STM32F4xx_HAL_Driver/Src/stm32f4xx_hal_uart.o
                0x0000000008005e48                HAL_UART_RxHalfCpltCallback
 .text.HAL_UART_ErrorCallback
                0x0000000008005e5c       0x14 Drivers/STM32F4xx_HAL_Driver/Src/stm32f4xx_hal_uart.o
                0x0000000008005e5c                HAL_UART_ErrorCallback
 .text.UART_DMATransmitCplt
                0x0000000008005e70       0x52 Drivers/STM32F4xx_HAL_Driver/Src/stm32f4xx_hal_uart.o
 .text.UART_DMATxHalfCplt
                0x0000000008005ec2       0x1c Drivers/STM32F4xx_HAL_Driver/Src/stm32f4xx_hal_uart.o
 .text.UART_DMAReceiveCplt
                0x0000000008005ede       0x68 Drivers/STM32F4xx_HAL_Driver/Src/stm32f4xx_hal_uart.o
 .text.UART_DMARxHalfCplt
                0x0000000008005f46       0x1c Drivers/STM32F4xx_HAL_Driver/Src/stm32f4xx_hal_uart.o
 .text.UART_DMAError
                0x0000000008005f62       0x94 Drivers/STM32F4xx_HAL_Driver/Src/stm32f4xx_hal_uart.o
 .text.UART_WaitOnFlagUntilTimeout
                0x0000000008005ff6       0x94 Drivers/STM32F4xx_HAL_Driver/Src/stm32f4xx_hal_uart.o
 .text.UART_EndTxTransfer
                0x000000000800608a       0x2c Drivers/STM32F4xx_HAL_Driver/Src/stm32f4xx_hal_uart.o
 .text.UART_EndRxTransfer
                0x00000000080060b6       0x3c Drivers/STM32F4xx_HAL_Driver/Src/stm32f4xx_hal_uart.o
 .text.UART_DMAAbortOnError
                0x00000000080060f2       0x28 Drivers/STM32F4xx_HAL_Driver/Src/stm32f4xx_hal_uart.o
 .text.UART_Transmit_IT
                0x000000000800611a       0xac Drivers/STM32F4xx_HAL_Driver/Src/stm32f4xx_hal_uart.o
 .text.UART_EndTransmit_IT
                0x00000000080061c6       0x30 Drivers/STM32F4xx_HAL_Driver/Src/stm32f4xx_hal_uart.o
 .text.UART_Receive_IT
                0x00000000080061f6      0x102 Drivers/STM32F4xx_HAL_Driver/Src/stm32f4xx_hal_uart.o
 .text.UART_SetConfig
                0x00000000080062f8      0x6f8 Drivers/STM32F4xx_HAL_Driver/Src/stm32f4xx_hal_uart.o
 .text.__errno  0x00000000080069f0        0xc c:/st/stm32cubeide_1.3.0/stm32cubeide/plugins/com.st.stm32cube.ide.mcu.externaltools.gnu-tools-for-stm32.7-2018-q2-update.win32_1.0.0.201904181610/tools/bin/../lib/gcc/arm-none-eabi/7.3.1/../../../../arm-none-eabi/lib/thumb/v7e-m/fpv4-sp/hard\libc_nano.a(lib_a-errno.o)
                0x00000000080069f0                __errno
 .text.__libc_init_array
                0x00000000080069fc       0x48 c:/st/stm32cubeide_1.3.0/stm32cubeide/plugins/com.st.stm32cube.ide.mcu.externaltools.gnu-tools-for-stm32.7-2018-q2-update.win32_1.0.0.201904181610/tools/bin/../lib/gcc/arm-none-eabi/7.3.1/../../../../arm-none-eabi/lib/thumb/v7e-m/fpv4-sp/hard\libc_nano.a(lib_a-init.o)
                0x00000000080069fc                __libc_init_array
 .text.malloc   0x0000000008006a44       0x10 c:/st/stm32cubeide_1.3.0/stm32cubeide/plugins/com.st.stm32cube.ide.mcu.externaltools.gnu-tools-for-stm32.7-2018-q2-update.win32_1.0.0.201904181610/tools/bin/../lib/gcc/arm-none-eabi/7.3.1/../../../../arm-none-eabi/lib/thumb/v7e-m/fpv4-sp/hard\libc_nano.a(lib_a-malloc.o)
                0x0000000008006a44                malloc
 .text.memcpy   0x0000000008006a54       0x16 c:/st/stm32cubeide_1.3.0/stm32cubeide/plugins/com.st.stm32cube.ide.mcu.externaltools.gnu-tools-for-stm32.7-2018-q2-update.win32_1.0.0.201904181610/tools/bin/../lib/gcc/arm-none-eabi/7.3.1/../../../../arm-none-eabi/lib/thumb/v7e-m/fpv4-sp/hard\libc_nano.a(lib_a-memcpy-stub.o)
                0x0000000008006a54                memcpy
 .text.memset   0x0000000008006a6a       0x10 c:/st/stm32cubeide_1.3.0/stm32cubeide/plugins/com.st.stm32cube.ide.mcu.externaltools.gnu-tools-for-stm32.7-2018-q2-update.win32_1.0.0.201904181610/tools/bin/../lib/gcc/arm-none-eabi/7.3.1/../../../../arm-none-eabi/lib/thumb/v7e-m/fpv4-sp/hard\libc_nano.a(lib_a-memset.o)
                0x0000000008006a6a                memset
 *fill*         0x0000000008006a7a        0x2 
 .text._malloc_r
                0x0000000008006a7c       0xb4 c:/st/stm32cubeide_1.3.0/stm32cubeide/plugins/com.st.stm32cube.ide.mcu.externaltools.gnu-tools-for-stm32.7-2018-q2-update.win32_1.0.0.201904181610/tools/bin/../lib/gcc/arm-none-eabi/7.3.1/../../../../arm-none-eabi/lib/thumb/v7e-m/fpv4-sp/hard\libc_nano.a(lib_a-nano-mallocr.o)
                0x0000000008006a7c                _malloc_r
 .text._sbrk_r  0x0000000008006b30       0x20 c:/st/stm32cubeide_1.3.0/stm32cubeide/plugins/com.st.stm32cube.ide.mcu.externaltools.gnu-tools-for-stm32.7-2018-q2-update.win32_1.0.0.201904181610/tools/bin/../lib/gcc/arm-none-eabi/7.3.1/../../../../arm-none-eabi/lib/thumb/v7e-m/fpv4-sp/hard\libc_nano.a(lib_a-sbrkr.o)
                0x0000000008006b30                _sbrk_r
 .text.__malloc_lock
                0x0000000008006b50        0x2 c:/st/stm32cubeide_1.3.0/stm32cubeide/plugins/com.st.stm32cube.ide.mcu.externaltools.gnu-tools-for-stm32.7-2018-q2-update.win32_1.0.0.201904181610/tools/bin/../lib/gcc/arm-none-eabi/7.3.1/../../../../arm-none-eabi/lib/thumb/v7e-m/fpv4-sp/hard\libc_nano.a(lib_a-mlock.o)
                0x0000000008006b50                __malloc_lock
 .text.__malloc_unlock
                0x0000000008006b52        0x2 c:/st/stm32cubeide_1.3.0/stm32cubeide/plugins/com.st.stm32cube.ide.mcu.externaltools.gnu-tools-for-stm32.7-2018-q2-update.win32_1.0.0.201904181610/tools/bin/../lib/gcc/arm-none-eabi/7.3.1/../../../../arm-none-eabi/lib/thumb/v7e-m/fpv4-sp/hard\libc_nano.a(lib_a-mlock.o)
                0x0000000008006b52                __malloc_unlock
 .text.atan2    0x0000000008006b54        0x4 c:/st/stm32cubeide_1.3.0/stm32cubeide/plugins/com.st.stm32cube.ide.mcu.externaltools.gnu-tools-for-stm32.7-2018-q2-update.win32_1.0.0.201904181610/tools/bin/../lib/gcc/arm-none-eabi/7.3.1/../../../../arm-none-eabi/lib/thumb/v7e-m/fpv4-sp/hard\libm.a(lib_a-w_atan2.o)
                0x0000000008006b54                atan2
 .text.__ieee754_atan2
                0x0000000008006b58      0x1bc c:/st/stm32cubeide_1.3.0/stm32cubeide/plugins/com.st.stm32cube.ide.mcu.externaltools.gnu-tools-for-stm32.7-2018-q2-update.win32_1.0.0.201904181610/tools/bin/../lib/gcc/arm-none-eabi/7.3.1/../../../../arm-none-eabi/lib/thumb/v7e-m/fpv4-sp/hard\libm.a(lib_a-e_atan2.o)
                0x0000000008006b58                __ieee754_atan2
 *fill*         0x0000000008006d14        0x4 
 .text.atan     0x0000000008006d18      0x340 c:/st/stm32cubeide_1.3.0/stm32cubeide/plugins/com.st.stm32cube.ide.mcu.externaltools.gnu-tools-for-stm32.7-2018-q2-update.win32_1.0.0.201904181610/tools/bin/../lib/gcc/arm-none-eabi/7.3.1/../../../../arm-none-eabi/lib/thumb/v7e-m/fpv4-sp/hard\libm.a(lib_a-s_atan.o)
                0x0000000008006d18                atan
 .text.fabs     0x0000000008007058       0x12 c:/st/stm32cubeide_1.3.0/stm32cubeide/plugins/com.st.stm32cube.ide.mcu.externaltools.gnu-tools-for-stm32.7-2018-q2-update.win32_1.0.0.201904181610/tools/bin/../lib/gcc/arm-none-eabi/7.3.1/../../../../arm-none-eabi/lib/thumb/v7e-m/fpv4-sp/hard\libm.a(lib_a-s_fabs.o)
                0x0000000008007058                fabs
 *(.glue_7)
 .glue_7        0x000000000800706a        0x0 linker stubs
 *(.glue_7t)
 .glue_7t       0x000000000800706a        0x0 linker stubs
 *(.eh_frame)
 *fill*         0x000000000800706a        0x2 
 .eh_frame      0x000000000800706c        0x0 c:/st/stm32cubeide_1.3.0/stm32cubeide/plugins/com.st.stm32cube.ide.mcu.externaltools.gnu-tools-for-stm32.7-2018-q2-update.win32_1.0.0.201904181610/tools/bin/../lib/gcc/arm-none-eabi/7.3.1/thumb/v7e-m/fpv4-sp/hard/crtbegin.o
 *(.init)
 .init          0x000000000800706c        0x4 c:/st/stm32cubeide_1.3.0/stm32cubeide/plugins/com.st.stm32cube.ide.mcu.externaltools.gnu-tools-for-stm32.7-2018-q2-update.win32_1.0.0.201904181610/tools/bin/../lib/gcc/arm-none-eabi/7.3.1/thumb/v7e-m/fpv4-sp/hard/crti.o
                0x000000000800706c                _init
 .init          0x0000000008007070        0x8 c:/st/stm32cubeide_1.3.0/stm32cubeide/plugins/com.st.stm32cube.ide.mcu.externaltools.gnu-tools-for-stm32.7-2018-q2-update.win32_1.0.0.201904181610/tools/bin/../lib/gcc/arm-none-eabi/7.3.1/thumb/v7e-m/fpv4-sp/hard/crtn.o
 *(.fini)
 .fini          0x0000000008007078        0x4 c:/st/stm32cubeide_1.3.0/stm32cubeide/plugins/com.st.stm32cube.ide.mcu.externaltools.gnu-tools-for-stm32.7-2018-q2-update.win32_1.0.0.201904181610/tools/bin/../lib/gcc/arm-none-eabi/7.3.1/thumb/v7e-m/fpv4-sp/hard/crti.o
                0x0000000008007078                _fini
 .fini          0x000000000800707c        0x8 c:/st/stm32cubeide_1.3.0/stm32cubeide/plugins/com.st.stm32cube.ide.mcu.externaltools.gnu-tools-for-stm32.7-2018-q2-update.win32_1.0.0.201904181610/tools/bin/../lib/gcc/arm-none-eabi/7.3.1/thumb/v7e-m/fpv4-sp/hard/crtn.o
                0x0000000008007084                . = ALIGN (0x4)
                0x0000000008007084                _etext = .

.vfp11_veneer   0x0000000008007084        0x0
 .vfp11_veneer  0x0000000008007084        0x0 linker stubs

.v4_bx          0x0000000008007084        0x0
 .v4_bx         0x0000000008007084        0x0 linker stubs

.iplt           0x0000000008007084        0x0
 .iplt          0x0000000008007084        0x0 c:/st/stm32cubeide_1.3.0/stm32cubeide/plugins/com.st.stm32cube.ide.mcu.externaltools.gnu-tools-for-stm32.7-2018-q2-update.win32_1.0.0.201904181610/tools/bin/../lib/gcc/arm-none-eabi/7.3.1/thumb/v7e-m/fpv4-sp/hard/crtbegin.o

.rodata         0x0000000008007088       0x60
                0x0000000008007088                . = ALIGN (0x4)
 *(.rodata)
 *(.rodata*)
 .rodata.AHBPrescTable
                0x0000000008007088       0x10 Core/Src/system_stm32f4xx.o
                0x0000000008007088                AHBPrescTable
 .rodata.APBPrescTable
                0x0000000008007098        0x8 Core/Src/system_stm32f4xx.o
                0x0000000008007098                APBPrescTable
 .rodata.flagBitshiftOffset.8211
                0x00000000080070a0        0x8 Drivers/STM32F4xx_HAL_Driver/Src/stm32f4xx_hal_dma.o
 .rodata.atanhi
                0x00000000080070a8       0x20 c:/st/stm32cubeide_1.3.0/stm32cubeide/plugins/com.st.stm32cube.ide.mcu.externaltools.gnu-tools-for-stm32.7-2018-q2-update.win32_1.0.0.201904181610/tools/bin/../lib/gcc/arm-none-eabi/7.3.1/../../../../arm-none-eabi/lib/thumb/v7e-m/fpv4-sp/hard\libm.a(lib_a-s_atan.o)
 .rodata.atanlo
                0x00000000080070c8       0x20 c:/st/stm32cubeide_1.3.0/stm32cubeide/plugins/com.st.stm32cube.ide.mcu.externaltools.gnu-tools-for-stm32.7-2018-q2-update.win32_1.0.0.201904181610/tools/bin/../lib/gcc/arm-none-eabi/7.3.1/../../../../arm-none-eabi/lib/thumb/v7e-m/fpv4-sp/hard\libm.a(lib_a-s_atan.o)
                0x00000000080070e8                . = ALIGN (0x4)

.ARM.extab      0x00000000080070e8        0x0
                0x00000000080070e8                . = ALIGN (0x4)
 *(.ARM.extab* .gnu.linkonce.armextab.*)
                0x00000000080070e8                . = ALIGN (0x4)

.ARM            0x00000000080070e8        0x8
                0x00000000080070e8                . = ALIGN (0x4)
                0x00000000080070e8                __exidx_start = .
 *(.ARM.exidx*)
 .ARM.exidx     0x00000000080070e8        0x8 c:/st/stm32cubeide_1.3.0/stm32cubeide/plugins/com.st.stm32cube.ide.mcu.externaltools.gnu-tools-for-stm32.7-2018-q2-update.win32_1.0.0.201904181610/tools/bin/../lib/gcc/arm-none-eabi/7.3.1/thumb/v7e-m/fpv4-sp/hard\libgcc.a(_udivmoddi4.o)
                0x00000000080070f0                __exidx_end = .
                0x00000000080070f0                . = ALIGN (0x4)

.rel.dyn        0x00000000080070f0        0x0
 .rel.iplt      0x00000000080070f0        0x0 c:/st/stm32cubeide_1.3.0/stm32cubeide/plugins/com.st.stm32cube.ide.mcu.externaltools.gnu-tools-for-stm32.7-2018-q2-update.win32_1.0.0.201904181610/tools/bin/../lib/gcc/arm-none-eabi/7.3.1/thumb/v7e-m/fpv4-sp/hard/crtbegin.o

.preinit_array  0x00000000080070f0        0x0
                0x00000000080070f0                . = ALIGN (0x4)
                0x00000000080070f0                PROVIDE (__preinit_array_start = .)
 *(.preinit_array*)
                0x00000000080070f0                PROVIDE (__preinit_array_end = .)
                0x00000000080070f0                . = ALIGN (0x4)

.init_array     0x00000000080070f0        0x4
                0x00000000080070f0                . = ALIGN (0x4)
                0x00000000080070f0                PROVIDE (__init_array_start = .)
 *(SORT_BY_NAME(.init_array.*))
 *(.init_array*)
 .init_array    0x00000000080070f0        0x4 c:/st/stm32cubeide_1.3.0/stm32cubeide/plugins/com.st.stm32cube.ide.mcu.externaltools.gnu-tools-for-stm32.7-2018-q2-update.win32_1.0.0.201904181610/tools/bin/../lib/gcc/arm-none-eabi/7.3.1/thumb/v7e-m/fpv4-sp/hard/crtbegin.o
                0x00000000080070f4                PROVIDE (__init_array_end = .)
                0x00000000080070f4                . = ALIGN (0x4)

.fini_array     0x00000000080070f4        0x4
                0x00000000080070f4                . = ALIGN (0x4)
                [!provide]                        PROVIDE (__fini_array_start = .)
 *(SORT_BY_NAME(.fini_array.*))
 *(.fini_array*)
 .fini_array    0x00000000080070f4        0x4 c:/st/stm32cubeide_1.3.0/stm32cubeide/plugins/com.st.stm32cube.ide.mcu.externaltools.gnu-tools-for-stm32.7-2018-q2-update.win32_1.0.0.201904181610/tools/bin/../lib/gcc/arm-none-eabi/7.3.1/thumb/v7e-m/fpv4-sp/hard/crtbegin.o
                [!provide]                        PROVIDE (__fini_array_end = .)
                0x00000000080070f8                . = ALIGN (0x4)
                0x00000000080070f8                _sidata = LOADADDR (.data)

.data           0x0000000020000000       0x70 load address 0x00000000080070f8
                0x0000000020000000                . = ALIGN (0x4)
                0x0000000020000000                _sdata = .
 *(.data)
 *(.data*)
 .data.SystemCoreClock
                0x0000000020000000        0x4 Core/Src/system_stm32f4xx.o
                0x0000000020000000                SystemCoreClock
 .data.uwTickPrio
                0x0000000020000004        0x4 Drivers/STM32F4xx_HAL_Driver/Src/stm32f4xx_hal.o
                0x0000000020000004                uwTickPrio
 .data.uwTickFreq
                0x0000000020000008        0x1 Drivers/STM32F4xx_HAL_Driver/Src/stm32f4xx_hal.o
                0x0000000020000008                uwTickFreq
 *fill*         0x0000000020000009        0x3 
 .data._impure_ptr
                0x000000002000000c        0x4 c:/st/stm32cubeide_1.3.0/stm32cubeide/plugins/com.st.stm32cube.ide.mcu.externaltools.gnu-tools-for-stm32.7-2018-q2-update.win32_1.0.0.201904181610/tools/bin/../lib/gcc/arm-none-eabi/7.3.1/../../../../arm-none-eabi/lib/thumb/v7e-m/fpv4-sp/hard\libc_nano.a(lib_a-impure.o)
                0x000000002000000c                _impure_ptr
 .data.impure_data
                0x0000000020000010       0x60 c:/st/stm32cubeide_1.3.0/stm32cubeide/plugins/com.st.stm32cube.ide.mcu.externaltools.gnu-tools-for-stm32.7-2018-q2-update.win32_1.0.0.201904181610/tools/bin/../lib/gcc/arm-none-eabi/7.3.1/../../../../arm-none-eabi/lib/thumb/v7e-m/fpv4-sp/hard\libc_nano.a(lib_a-impure.o)
                0x0000000020000070                . = ALIGN (0x4)
                0x0000000020000070                _edata = .

.igot.plt       0x0000000020000070        0x0 load address 0x0000000008007168
 .igot.plt      0x0000000020000070        0x0 c:/st/stm32cubeide_1.3.0/stm32cubeide/plugins/com.st.stm32cube.ide.mcu.externaltools.gnu-tools-for-stm32.7-2018-q2-update.win32_1.0.0.201904181610/tools/bin/../lib/gcc/arm-none-eabi/7.3.1/thumb/v7e-m/fpv4-sp/hard/crtbegin.o
                0x0000000020000070                . = ALIGN (0x4)

.bss            0x0000000020000070      0x334 load address 0x0000000008007168
                0x0000000020000070                _sbss = .
                0x0000000020000070                __bss_start__ = _sbss
 *(.bss)
 .bss           0x0000000020000070       0x1c c:/st/stm32cubeide_1.3.0/stm32cubeide/plugins/com.st.stm32cube.ide.mcu.externaltools.gnu-tools-for-stm32.7-2018-q2-update.win32_1.0.0.201904181610/tools/bin/../lib/gcc/arm-none-eabi/7.3.1/thumb/v7e-m/fpv4-sp/hard/crtbegin.o
 *(.bss*)
 .bss.blUart    0x000000002000008c        0x4 Core/Src/BluetoothCom.o
 .bss.fpinType  0x0000000020000090        0x4 Core/Src/FlameSensor.o
 .bss.fpin      0x0000000020000094        0x2 Core/Src/FlameSensor.o
 *fill*         0x0000000020000096        0x2 
 .bss.data      0x0000000020000098        0x2 Core/Src/FlameSensor.o
 .bss.lastData  0x000000002000009a        0x1 Core/Src/FlameSensor.o
 *fill*         0x000000002000009b        0x1 
 .bss.hi2c      0x000000002000009c        0x4 Core/Src/Magnetometer.o
 .bss.i2cData   0x00000000200000a0        0x7 Core/Src/Magnetometer.o
 *fill*         0x00000000200000a7        0x1 
 .bss.data      0x00000000200000a8        0x3 Core/Src/Magnetometer.o
 *fill*         0x00000000200000ab        0x1 
 .bss.compass_x
                0x00000000200000ac        0x2 Core/Src/Magnetometer.o
 .bss.compass_y
                0x00000000200000ae        0x2 Core/Src/Magnetometer.o
 .bss.degree    0x00000000200000b0        0x8 Core/Src/Magnetometer.o
 .bss.degree_i  0x00000000200000b8        0x2 Core/Src/Magnetometer.o
 .bss.lastDegree
                0x00000000200000ba        0x2 Core/Src/Magnetometer.o
 .bss.count     0x00000000200000bc        0x1 Core/Src/Magnetometer.o
 *fill*         0x00000000200000bd        0x3 
 .bss.pinType   0x00000000200000c0        0x4 Core/Src/MotorDriver.o
 .bss.left1     0x00000000200000c4        0x2 Core/Src/MotorDriver.o
 .bss.left2     0x00000000200000c6        0x2 Core/Src/MotorDriver.o
 .bss.right1    0x00000000200000c8        0x2 Core/Src/MotorDriver.o
 .bss.right2    0x00000000200000ca        0x2 Core/Src/MotorDriver.o
 .bss.mTimer    0x00000000200000cc        0x4 Core/Src/MotorDriver.o
 .bss.value     0x00000000200000d0        0x2 Core/Src/MotorDriver.o
 .bss.data      0x00000000200000d2        0x1 Core/Src/MotorDriver.o
 *fill*         0x00000000200000d3        0x1 
 .bss.pinType   0x00000000200000d4        0x4 Core/Src/Temperature.o
 .bss.pin       0x00000000200000d8        0x2 Core/Src/Temperature.o
 *fill*         0x00000000200000da        0x2 
 .bss.GPIO_InitStruct
                0x00000000200000dc       0x14 Core/Src/Temperature.o
 .bss.tempData  0x00000000200000f0        0x3 Core/Src/Temperature.o
 *fill*         0x00000000200000f3        0x1 
 .bss.timer     0x00000000200000f4        0x4 Core/Src/Temperature.o
 .bss.sensorLT  0x00000000200000f8        0x4 Core/Src/UltraSonicSensor.o
 .bss.sensorCT  0x00000000200000fc        0x4 Core/Src/UltraSonicSensor.o
 .bss.sensorRT  0x0000000020000100        0x4 Core/Src/UltraSonicSensor.o
 .bss.sensorLE  0x0000000020000104        0x4 Core/Src/UltraSonicSensor.o
 .bss.sensorCE  0x0000000020000108        0x4 Core/Src/UltraSonicSensor.o
 .bss.sensorRE  0x000000002000010c        0x4 Core/Src/UltraSonicSensor.o
 .bss.trigL     0x0000000020000110        0x2 Core/Src/UltraSonicSensor.o
 .bss.trigC     0x0000000020000112        0x2 Core/Src/UltraSonicSensor.o
 .bss.trigR     0x0000000020000114        0x2 Core/Src/UltraSonicSensor.o
 .bss.echoL     0x0000000020000116        0x2 Core/Src/UltraSonicSensor.o
 .bss.echoC     0x0000000020000118        0x2 Core/Src/UltraSonicSensor.o
 .bss.echoR     0x000000002000011a        0x2 Core/Src/UltraSonicSensor.o
 .bss.localTime
                0x000000002000011c        0x4 Core/Src/UltraSonicSensor.o
 .bss.distance  0x0000000020000120        0x1 Core/Src/UltraSonicSensor.o
 .bss.leftD     0x0000000020000121        0x1 Core/Src/UltraSonicSensor.o
 .bss.centerD   0x0000000020000122        0x1 Core/Src/UltraSonicSensor.o
 .bss.rightD    0x0000000020000123        0x1 Core/Src/UltraSonicSensor.o
 .bss.data      0x0000000020000124        0x4 Core/Src/UltraSonicSensor.o
 .bss.timer     0x0000000020000128        0x4 Core/Src/UltraSonicSensor.o
 .bss.heap_end.6424
                0x000000002000012c        0x4 Core/Src/sysmem.o
 .bss.__malloc_free_list
                0x0000000020000130        0x4 c:/st/stm32cubeide_1.3.0/stm32cubeide/plugins/com.st.stm32cube.ide.mcu.externaltools.gnu-tools-for-stm32.7-2018-q2-update.win32_1.0.0.201904181610/tools/bin/../lib/gcc/arm-none-eabi/7.3.1/../../../../arm-none-eabi/lib/thumb/v7e-m/fpv4-sp/hard\libc_nano.a(lib_a-nano-mallocr.o)
                0x0000000020000130                __malloc_free_list
 .bss.__malloc_sbrk_start
                0x0000000020000134        0x4 c:/st/stm32cubeide_1.3.0/stm32cubeide/plugins/com.st.stm32cube.ide.mcu.externaltools.gnu-tools-for-stm32.7-2018-q2-update.win32_1.0.0.201904181610/tools/bin/../lib/gcc/arm-none-eabi/7.3.1/../../../../arm-none-eabi/lib/thumb/v7e-m/fpv4-sp/hard\libc_nano.a(lib_a-nano-mallocr.o)
                0x0000000020000134                __malloc_sbrk_start
 *(COMMON)
 COMMON         0x0000000020000138        0x4 Core/Src/DelayMS.o
                0x0000000020000138                usTimer
 COMMON         0x000000002000013c      0x260 Core/Src/main.o
                0x000000002000013c                rxData
                0x0000000020000140                htim4
                0x0000000020000180                hi2c1
                0x00000000200001d4                htim3
                0x0000000020000214                hdma_usart1_tx
                0x0000000020000274                hdma_usart1_rx
                0x00000000200002d4                huart1
                0x0000000020000314                workQueue
                0x0000000020000318                htim1
                0x0000000020000358                workData
                0x000000002000035c                htim2
 COMMON         0x000000002000039c        0x4 Drivers/STM32F4xx_HAL_Driver/Src/stm32f4xx_hal.o
                0x000000002000039c                uwTick
 COMMON         0x00000000200003a0        0x4 c:/st/stm32cubeide_1.3.0/stm32cubeide/plugins/com.st.stm32cube.ide.mcu.externaltools.gnu-tools-for-stm32.7-2018-q2-update.win32_1.0.0.201904181610/tools/bin/../lib/gcc/arm-none-eabi/7.3.1/../../../../arm-none-eabi/lib/thumb/v7e-m/fpv4-sp/hard\libc_nano.a(lib_a-reent.o)
                0x00000000200003a0                errno
                0x00000000200003a4                . = ALIGN (0x4)
                0x00000000200003a4                _ebss = .
                0x00000000200003a4                __bss_end__ = _ebss

._user_heap_stack
                0x00000000200003a4      0x604 load address 0x0000000008007168
                0x00000000200003a8                . = ALIGN (0x8)
 *fill*         0x00000000200003a4        0x4 
                0x00000000200003a8                PROVIDE (end = .)
                [!provide]                        PROVIDE (_end = .)
                0x00000000200005a8                . = (. + _Min_Heap_Size)
 *fill*         0x00000000200003a8      0x200 
                0x00000000200009a8                . = (. + _Min_Stack_Size)
 *fill*         0x00000000200005a8      0x400 
                0x00000000200009a8                . = ALIGN (0x8)

/DISCARD/
 libc.a(*)
 libm.a(*)
 libgcc.a(*)

.ARM.attributes
                0x0000000000000000       0x30
 *(.ARM.attributes)
 .ARM.attributes
                0x0000000000000000       0x22 c:/st/stm32cubeide_1.3.0/stm32cubeide/plugins/com.st.stm32cube.ide.mcu.externaltools.gnu-tools-for-stm32.7-2018-q2-update.win32_1.0.0.201904181610/tools/bin/../lib/gcc/arm-none-eabi/7.3.1/thumb/v7e-m/fpv4-sp/hard/crti.o
 .ARM.attributes
                0x0000000000000022       0x34 c:/st/stm32cubeide_1.3.0/stm32cubeide/plugins/com.st.stm32cube.ide.mcu.externaltools.gnu-tools-for-stm32.7-2018-q2-update.win32_1.0.0.201904181610/tools/bin/../lib/gcc/arm-none-eabi/7.3.1/thumb/v7e-m/fpv4-sp/hard/crtbegin.o
 .ARM.attributes
                0x0000000000000056       0x39 Core/Src/BluetoothCom.o
 .ARM.attributes
                0x000000000000008f       0x39 Core/Src/DelayMS.o
 .ARM.attributes
                0x00000000000000c8       0x39 Core/Src/FlameSensor.o
 .ARM.attributes
                0x0000000000000101       0x39 Core/Src/Magnetometer.o
 .ARM.attributes
                0x000000000000013a       0x39 Core/Src/MotorDriver.o
 .ARM.attributes
                0x0000000000000173       0x39 Core/Src/Temperature.o
 .ARM.attributes
                0x00000000000001ac       0x39 Core/Src/UltraSonicSensor.o
 .ARM.attributes
                0x00000000000001e5       0x39 Core/Src/WorkQueue.o
 .ARM.attributes
                0x000000000000021e       0x39 Core/Src/main.o
 .ARM.attributes
                0x0000000000000257       0x39 Core/Src/stm32f4xx_hal_msp.o
 .ARM.attributes
                0x0000000000000290       0x39 Core/Src/stm32f4xx_it.o
 .ARM.attributes
                0x00000000000002c9       0x39 Core/Src/sysmem.o
 .ARM.attributes
                0x0000000000000302       0x39 Core/Src/system_stm32f4xx.o
 .ARM.attributes
                0x000000000000033b       0x21 Core/Startup/startup_stm32f411retx.o
 .ARM.attributes
                0x000000000000035c       0x39 Drivers/STM32F4xx_HAL_Driver/Src/stm32f4xx_hal.o
 .ARM.attributes
                0x0000000000000395       0x39 Drivers/STM32F4xx_HAL_Driver/Src/stm32f4xx_hal_cortex.o
 .ARM.attributes
                0x00000000000003ce       0x39 Drivers/STM32F4xx_HAL_Driver/Src/stm32f4xx_hal_dma.o
 .ARM.attributes
                0x0000000000000407       0x39 Drivers/STM32F4xx_HAL_Driver/Src/stm32f4xx_hal_gpio.o
 .ARM.attributes
                0x0000000000000440       0x39 Drivers/STM32F4xx_HAL_Driver/Src/stm32f4xx_hal_i2c.o
 .ARM.attributes
                0x0000000000000479       0x39 Drivers/STM32F4xx_HAL_Driver/Src/stm32f4xx_hal_rcc.o
 .ARM.attributes
                0x00000000000004b2       0x39 Drivers/STM32F4xx_HAL_Driver/Src/stm32f4xx_hal_tim.o
 .ARM.attributes
                0x00000000000004eb       0x39 Drivers/STM32F4xx_HAL_Driver/Src/stm32f4xx_hal_tim_ex.o
 .ARM.attributes
                0x0000000000000524       0x39 Drivers/STM32F4xx_HAL_Driver/Src/stm32f4xx_hal_uart.o
 .ARM.attributes
                0x000000000000055d       0x34 c:/st/stm32cubeide_1.3.0/stm32cubeide/plugins/com.st.stm32cube.ide.mcu.externaltools.gnu-tools-for-stm32.7-2018-q2-update.win32_1.0.0.201904181610/tools/bin/../lib/gcc/arm-none-eabi/7.3.1/../../../../arm-none-eabi/lib/thumb/v7e-m/fpv4-sp/hard\libc_nano.a(lib_a-errno.o)
 .ARM.attributes
                0x0000000000000591       0x34 c:/st/stm32cubeide_1.3.0/stm32cubeide/plugins/com.st.stm32cube.ide.mcu.externaltools.gnu-tools-for-stm32.7-2018-q2-update.win32_1.0.0.201904181610/tools/bin/../lib/gcc/arm-none-eabi/7.3.1/../../../../arm-none-eabi/lib/thumb/v7e-m/fpv4-sp/hard\libc_nano.a(lib_a-impure.o)
 .ARM.attributes
                0x00000000000005c5       0x34 c:/st/stm32cubeide_1.3.0/stm32cubeide/plugins/com.st.stm32cube.ide.mcu.externaltools.gnu-tools-for-stm32.7-2018-q2-update.win32_1.0.0.201904181610/tools/bin/../lib/gcc/arm-none-eabi/7.3.1/../../../../arm-none-eabi/lib/thumb/v7e-m/fpv4-sp/hard\libc_nano.a(lib_a-init.o)
 .ARM.attributes
                0x00000000000005f9       0x34 c:/st/stm32cubeide_1.3.0/stm32cubeide/plugins/com.st.stm32cube.ide.mcu.externaltools.gnu-tools-for-stm32.7-2018-q2-update.win32_1.0.0.201904181610/tools/bin/../lib/gcc/arm-none-eabi/7.3.1/../../../../arm-none-eabi/lib/thumb/v7e-m/fpv4-sp/hard\libc_nano.a(lib_a-malloc.o)
 .ARM.attributes
                0x000000000000062d       0x34 c:/st/stm32cubeide_1.3.0/stm32cubeide/plugins/com.st.stm32cube.ide.mcu.externaltools.gnu-tools-for-stm32.7-2018-q2-update.win32_1.0.0.201904181610/tools/bin/../lib/gcc/arm-none-eabi/7.3.1/../../../../arm-none-eabi/lib/thumb/v7e-m/fpv4-sp/hard\libc_nano.a(lib_a-memcpy-stub.o)
 .ARM.attributes
                0x0000000000000661       0x34 c:/st/stm32cubeide_1.3.0/stm32cubeide/plugins/com.st.stm32cube.ide.mcu.externaltools.gnu-tools-for-stm32.7-2018-q2-update.win32_1.0.0.201904181610/tools/bin/../lib/gcc/arm-none-eabi/7.3.1/../../../../arm-none-eabi/lib/thumb/v7e-m/fpv4-sp/hard\libc_nano.a(lib_a-memset.o)
 .ARM.attributes
                0x0000000000000695       0x34 c:/st/stm32cubeide_1.3.0/stm32cubeide/plugins/com.st.stm32cube.ide.mcu.externaltools.gnu-tools-for-stm32.7-2018-q2-update.win32_1.0.0.201904181610/tools/bin/../lib/gcc/arm-none-eabi/7.3.1/../../../../arm-none-eabi/lib/thumb/v7e-m/fpv4-sp/hard\libc_nano.a(lib_a-nano-mallocr.o)
 .ARM.attributes
                0x00000000000006c9       0x34 c:/st/stm32cubeide_1.3.0/stm32cubeide/plugins/com.st.stm32cube.ide.mcu.externaltools.gnu-tools-for-stm32.7-2018-q2-update.win32_1.0.0.201904181610/tools/bin/../lib/gcc/arm-none-eabi/7.3.1/../../../../arm-none-eabi/lib/thumb/v7e-m/fpv4-sp/hard\libc_nano.a(lib_a-sbrkr.o)
 .ARM.attributes
                0x00000000000006fd       0x34 c:/st/stm32cubeide_1.3.0/stm32cubeide/plugins/com.st.stm32cube.ide.mcu.externaltools.gnu-tools-for-stm32.7-2018-q2-update.win32_1.0.0.201904181610/tools/bin/../lib/gcc/arm-none-eabi/7.3.1/../../../../arm-none-eabi/lib/thumb/v7e-m/fpv4-sp/hard\libc_nano.a(lib_a-mlock.o)
 .ARM.attributes
                0x0000000000000731       0x34 c:/st/stm32cubeide_1.3.0/stm32cubeide/plugins/com.st.stm32cube.ide.mcu.externaltools.gnu-tools-for-stm32.7-2018-q2-update.win32_1.0.0.201904181610/tools/bin/../lib/gcc/arm-none-eabi/7.3.1/../../../../arm-none-eabi/lib/thumb/v7e-m/fpv4-sp/hard\libc_nano.a(lib_a-reent.o)
 .ARM.attributes
                0x0000000000000765       0x34 c:/st/stm32cubeide_1.3.0/stm32cubeide/plugins/com.st.stm32cube.ide.mcu.externaltools.gnu-tools-for-stm32.7-2018-q2-update.win32_1.0.0.201904181610/tools/bin/../lib/gcc/arm-none-eabi/7.3.1/../../../../arm-none-eabi/lib/thumb/v7e-m/fpv4-sp/hard\libm.a(lib_a-w_atan2.o)
 .ARM.attributes
                0x0000000000000799       0x34 c:/st/stm32cubeide_1.3.0/stm32cubeide/plugins/com.st.stm32cube.ide.mcu.externaltools.gnu-tools-for-stm32.7-2018-q2-update.win32_1.0.0.201904181610/tools/bin/../lib/gcc/arm-none-eabi/7.3.1/../../../../arm-none-eabi/lib/thumb/v7e-m/fpv4-sp/hard\libm.a(lib_a-e_atan2.o)
 .ARM.attributes
                0x00000000000007cd       0x34 c:/st/stm32cubeide_1.3.0/stm32cubeide/plugins/com.st.stm32cube.ide.mcu.externaltools.gnu-tools-for-stm32.7-2018-q2-update.win32_1.0.0.201904181610/tools/bin/../lib/gcc/arm-none-eabi/7.3.1/../../../../arm-none-eabi/lib/thumb/v7e-m/fpv4-sp/hard\libm.a(lib_a-s_atan.o)
 .ARM.attributes
                0x0000000000000801       0x34 c:/st/stm32cubeide_1.3.0/stm32cubeide/plugins/com.st.stm32cube.ide.mcu.externaltools.gnu-tools-for-stm32.7-2018-q2-update.win32_1.0.0.201904181610/tools/bin/../lib/gcc/arm-none-eabi/7.3.1/../../../../arm-none-eabi/lib/thumb/v7e-m/fpv4-sp/hard\libm.a(lib_a-s_fabs.o)
 .ARM.attributes
                0x0000000000000835       0x22 c:/st/stm32cubeide_1.3.0/stm32cubeide/plugins/com.st.stm32cube.ide.mcu.externaltools.gnu-tools-for-stm32.7-2018-q2-update.win32_1.0.0.201904181610/tools/bin/../lib/gcc/arm-none-eabi/7.3.1/thumb/v7e-m/fpv4-sp/hard\libgcc.a(_arm_addsubdf3.o)
 .ARM.attributes
                0x0000000000000857       0x22 c:/st/stm32cubeide_1.3.0/stm32cubeide/plugins/com.st.stm32cube.ide.mcu.externaltools.gnu-tools-for-stm32.7-2018-q2-update.win32_1.0.0.201904181610/tools/bin/../lib/gcc/arm-none-eabi/7.3.1/thumb/v7e-m/fpv4-sp/hard\libgcc.a(_arm_muldivdf3.o)
 .ARM.attributes
                0x0000000000000879       0x22 c:/st/stm32cubeide_1.3.0/stm32cubeide/plugins/com.st.stm32cube.ide.mcu.externaltools.gnu-tools-for-stm32.7-2018-q2-update.win32_1.0.0.201904181610/tools/bin/../lib/gcc/arm-none-eabi/7.3.1/thumb/v7e-m/fpv4-sp/hard\libgcc.a(_arm_cmpdf2.o)
 .ARM.attributes
                0x000000000000089b       0x22 c:/st/stm32cubeide_1.3.0/stm32cubeide/plugins/com.st.stm32cube.ide.mcu.externaltools.gnu-tools-for-stm32.7-2018-q2-update.win32_1.0.0.201904181610/tools/bin/../lib/gcc/arm-none-eabi/7.3.1/thumb/v7e-m/fpv4-sp/hard\libgcc.a(_arm_fixunsdfsi.o)
 .ARM.attributes
                0x00000000000008bd       0x22 c:/st/stm32cubeide_1.3.0/stm32cubeide/plugins/com.st.stm32cube.ide.mcu.externaltools.gnu-tools-for-stm32.7-2018-q2-update.win32_1.0.0.201904181610/tools/bin/../lib/gcc/arm-none-eabi/7.3.1/thumb/v7e-m/fpv4-sp/hard\libgcc.a(_aeabi_uldivmod.o)
 .ARM.attributes
                0x00000000000008df       0x34 c:/st/stm32cubeide_1.3.0/stm32cubeide/plugins/com.st.stm32cube.ide.mcu.externaltools.gnu-tools-for-stm32.7-2018-q2-update.win32_1.0.0.201904181610/tools/bin/../lib/gcc/arm-none-eabi/7.3.1/thumb/v7e-m/fpv4-sp/hard\libgcc.a(_udivmoddi4.o)
 .ARM.attributes
                0x0000000000000913       0x22 c:/st/stm32cubeide_1.3.0/stm32cubeide/plugins/com.st.stm32cube.ide.mcu.externaltools.gnu-tools-for-stm32.7-2018-q2-update.win32_1.0.0.201904181610/tools/bin/../lib/gcc/arm-none-eabi/7.3.1/thumb/v7e-m/fpv4-sp/hard\libgcc.a(_dvmd_tls.o)
 .ARM.attributes
                0x0000000000000935       0x22 c:/st/stm32cubeide_1.3.0/stm32cubeide/plugins/com.st.stm32cube.ide.mcu.externaltools.gnu-tools-for-stm32.7-2018-q2-update.win32_1.0.0.201904181610/tools/bin/../lib/gcc/arm-none-eabi/7.3.1/thumb/v7e-m/fpv4-sp/hard/crtn.o
OUTPUT(MappingCarProject.elf elf32-littlearm)

.debug_info     0x0000000000000000    0x13416
 .debug_info    0x0000000000000000      0x67f Core/Src/BluetoothCom.o
 .debug_info    0x000000000000067f      0x6d8 Core/Src/DelayMS.o
 .debug_info    0x0000000000000d57      0x2da Core/Src/FlameSensor.o
 .debug_info    0x0000000000001031     0x1065 Core/Src/Magnetometer.o
 .debug_info    0x0000000000002096     0x110c Core/Src/MotorDriver.o
 .debug_info    0x00000000000031a2      0x8f0 Core/Src/Temperature.o
 .debug_info    0x0000000000003a92      0xa25 Core/Src/UltraSonicSensor.o
 .debug_info    0x00000000000044b7      0xb7e Core/Src/WorkQueue.o
 .debug_info    0x0000000000005035     0x1d59 Core/Src/main.o
 .debug_info    0x0000000000006d8e     0x1181 Core/Src/stm32f4xx_hal_msp.o
 .debug_info    0x0000000000007f0f      0x98f Core/Src/stm32f4xx_it.o
 .debug_info    0x000000000000889e      0x91c Core/Src/sysmem.o
 .debug_info    0x00000000000091ba      0x57e Core/Src/system_stm32f4xx.o
 .debug_info    0x0000000000009738       0x22 Core/Startup/startup_stm32f411retx.o
 .debug_info    0x000000000000975a      0x8d5 Drivers/STM32F4xx_HAL_Driver/Src/stm32f4xx_hal.o
 .debug_info    0x000000000000a02f      0xd98 Drivers/STM32F4xx_HAL_Driver/Src/stm32f4xx_hal_cortex.o
 .debug_info    0x000000000000adc7      0x960 Drivers/STM32F4xx_HAL_Driver/Src/stm32f4xx_hal_dma.o
 .debug_info    0x000000000000b727      0x7d7 Drivers/STM32F4xx_HAL_Driver/Src/stm32f4xx_hal_gpio.o
 .debug_info    0x000000000000befe     0x23ba Drivers/STM32F4xx_HAL_Driver/Src/stm32f4xx_hal_i2c.o
 .debug_info    0x000000000000e2b8      0x92a Drivers/STM32F4xx_HAL_Driver/Src/stm32f4xx_hal_rcc.o
 .debug_info    0x000000000000ebe2     0x24a1 Drivers/STM32F4xx_HAL_Driver/Src/stm32f4xx_hal_tim.o
 .debug_info    0x0000000000011083     0x114f Drivers/STM32F4xx_HAL_Driver/Src/stm32f4xx_hal_tim_ex.o
 .debug_info    0x00000000000121d2     0x1244 Drivers/STM32F4xx_HAL_Driver/Src/stm32f4xx_hal_uart.o

.debug_abbrev   0x0000000000000000     0x2b93
 .debug_abbrev  0x0000000000000000      0x178 Core/Src/BluetoothCom.o
 .debug_abbrev  0x0000000000000178      0x1b2 Core/Src/DelayMS.o
 .debug_abbrev  0x000000000000032a      0x123 Core/Src/FlameSensor.o
 .debug_abbrev  0x000000000000044d      0x235 Core/Src/Magnetometer.o
 .debug_abbrev  0x0000000000000682      0x242 Core/Src/MotorDriver.o
 .debug_abbrev  0x00000000000008c4      0x1e0 Core/Src/Temperature.o
 .debug_abbrev  0x0000000000000aa4      0x1e4 Core/Src/UltraSonicSensor.o
 .debug_abbrev  0x0000000000000c88      0x207 Core/Src/WorkQueue.o
 .debug_abbrev  0x0000000000000e8f      0x2a2 Core/Src/main.o
 .debug_abbrev  0x0000000000001131      0x1de Core/Src/stm32f4xx_hal_msp.o
 .debug_abbrev  0x000000000000130f      0x181 Core/Src/stm32f4xx_it.o
 .debug_abbrev  0x0000000000001490      0x1bb Core/Src/sysmem.o
 .debug_abbrev  0x000000000000164b      0x12b Core/Src/system_stm32f4xx.o
 .debug_abbrev  0x0000000000001776       0x12 Core/Startup/startup_stm32f411retx.o
 .debug_abbrev  0x0000000000001788      0x1f2 Drivers/STM32F4xx_HAL_Driver/Src/stm32f4xx_hal.o
 .debug_abbrev  0x000000000000197a      0x2fa Drivers/STM32F4xx_HAL_Driver/Src/stm32f4xx_hal_cortex.o
 .debug_abbrev  0x0000000000001c74      0x1f1 Drivers/STM32F4xx_HAL_Driver/Src/stm32f4xx_hal_dma.o
 .debug_abbrev  0x0000000000001e65      0x1c9 Drivers/STM32F4xx_HAL_Driver/Src/stm32f4xx_hal_gpio.o
 .debug_abbrev  0x000000000000202e      0x263 Drivers/STM32F4xx_HAL_Driver/Src/stm32f4xx_hal_i2c.o
 .debug_abbrev  0x0000000000002291      0x245 Drivers/STM32F4xx_HAL_Driver/Src/stm32f4xx_hal_rcc.o
 .debug_abbrev  0x00000000000024d6      0x23f Drivers/STM32F4xx_HAL_Driver/Src/stm32f4xx_hal_tim.o
 .debug_abbrev  0x0000000000002715      0x22d Drivers/STM32F4xx_HAL_Driver/Src/stm32f4xx_hal_tim_ex.o
 .debug_abbrev  0x0000000000002942      0x251 Drivers/STM32F4xx_HAL_Driver/Src/stm32f4xx_hal_uart.o

.debug_aranges  0x0000000000000000     0x10f8
 .debug_aranges
                0x0000000000000000       0x30 Core/Src/BluetoothCom.o
 .debug_aranges
                0x0000000000000030       0x38 Core/Src/DelayMS.o
 .debug_aranges
                0x0000000000000068       0x28 Core/Src/FlameSensor.o
 .debug_aranges
                0x0000000000000090       0x48 Core/Src/Magnetometer.o
 .debug_aranges
                0x00000000000000d8       0x60 Core/Src/MotorDriver.o
 .debug_aranges
                0x0000000000000138       0x60 Core/Src/Temperature.o
 .debug_aranges
                0x0000000000000198       0x48 Core/Src/UltraSonicSensor.o
 .debug_aranges
                0x00000000000001e0       0x50 Core/Src/WorkQueue.o
 .debug_aranges
                0x0000000000000230       0x98 Core/Src/main.o
 .debug_aranges
                0x00000000000002c8       0x50 Core/Src/stm32f4xx_hal_msp.o
 .debug_aranges
                0x0000000000000318       0x98 Core/Src/stm32f4xx_it.o
 .debug_aranges
                0x00000000000003b0       0x20 Core/Src/sysmem.o
 .debug_aranges
                0x00000000000003d0       0x28 Core/Src/system_stm32f4xx.o
 .debug_aranges
                0x00000000000003f8       0x28 Core/Startup/startup_stm32f411retx.o
 .debug_aranges
                0x0000000000000420       0xf0 Drivers/STM32F4xx_HAL_Driver/Src/stm32f4xx_hal.o
 .debug_aranges
                0x0000000000000510      0x118 Drivers/STM32F4xx_HAL_Driver/Src/stm32f4xx_hal_cortex.o
 .debug_aranges
                0x0000000000000628       0x90 Drivers/STM32F4xx_HAL_Driver/Src/stm32f4xx_hal_dma.o
 .debug_aranges
                0x00000000000006b8       0x58 Drivers/STM32F4xx_HAL_Driver/Src/stm32f4xx_hal_gpio.o
 .debug_aranges
                0x0000000000000710      0x298 Drivers/STM32F4xx_HAL_Driver/Src/stm32f4xx_hal_i2c.o
 .debug_aranges
                0x00000000000009a8       0x88 Drivers/STM32F4xx_HAL_Driver/Src/stm32f4xx_hal_rcc.o
 .debug_aranges
                0x0000000000000a30      0x3a8 Drivers/STM32F4xx_HAL_Driver/Src/stm32f4xx_hal_tim.o
 .debug_aranges
                0x0000000000000dd8      0x150 Drivers/STM32F4xx_HAL_Driver/Src/stm32f4xx_hal_tim_ex.o
 .debug_aranges
                0x0000000000000f28      0x1d0 Drivers/STM32F4xx_HAL_Driver/Src/stm32f4xx_hal_uart.o

.debug_ranges   0x0000000000000000      0xfb0
 .debug_ranges  0x0000000000000000       0x20 Core/Src/BluetoothCom.o
 .debug_ranges  0x0000000000000020       0x28 Core/Src/DelayMS.o
 .debug_ranges  0x0000000000000048       0x18 Core/Src/FlameSensor.o
 .debug_ranges  0x0000000000000060       0x38 Core/Src/Magnetometer.o
 .debug_ranges  0x0000000000000098       0x50 Core/Src/MotorDriver.o
 .debug_ranges  0x00000000000000e8       0x50 Core/Src/Temperature.o
 .debug_ranges  0x0000000000000138       0x38 Core/Src/UltraSonicSensor.o
 .debug_ranges  0x0000000000000170       0x40 Core/Src/WorkQueue.o
 .debug_ranges  0x00000000000001b0       0x88 Core/Src/main.o
 .debug_ranges  0x0000000000000238       0x40 Core/Src/stm32f4xx_hal_msp.o
 .debug_ranges  0x0000000000000278       0x88 Core/Src/stm32f4xx_it.o
 .debug_ranges  0x0000000000000300       0x10 Core/Src/sysmem.o
 .debug_ranges  0x0000000000000310       0x18 Core/Src/system_stm32f4xx.o
 .debug_ranges  0x0000000000000328       0x20 Core/Startup/startup_stm32f411retx.o
 .debug_ranges  0x0000000000000348       0xe0 Drivers/STM32F4xx_HAL_Driver/Src/stm32f4xx_hal.o
 .debug_ranges  0x0000000000000428      0x108 Drivers/STM32F4xx_HAL_Driver/Src/stm32f4xx_hal_cortex.o
 .debug_ranges  0x0000000000000530       0x80 Drivers/STM32F4xx_HAL_Driver/Src/stm32f4xx_hal_dma.o
 .debug_ranges  0x00000000000005b0       0x48 Drivers/STM32F4xx_HAL_Driver/Src/stm32f4xx_hal_gpio.o
 .debug_ranges  0x00000000000005f8      0x2a8 Drivers/STM32F4xx_HAL_Driver/Src/stm32f4xx_hal_i2c.o
 .debug_ranges  0x00000000000008a0       0x78 Drivers/STM32F4xx_HAL_Driver/Src/stm32f4xx_hal_rcc.o
 .debug_ranges  0x0000000000000918      0x398 Drivers/STM32F4xx_HAL_Driver/Src/stm32f4xx_hal_tim.o
 .debug_ranges  0x0000000000000cb0      0x140 Drivers/STM32F4xx_HAL_Driver/Src/stm32f4xx_hal_tim_ex.o
 .debug_ranges  0x0000000000000df0      0x1c0 Drivers/STM32F4xx_HAL_Driver/Src/stm32f4xx_hal_uart.o

.debug_macro    0x0000000000000000    0x1804d
 .debug_macro   0x0000000000000000      0x1f1 Core/Src/BluetoothCom.o
 .debug_macro   0x00000000000001f1      0xa5a Core/Src/BluetoothCom.o
 .debug_macro   0x0000000000000c4b      0x190 Core/Src/BluetoothCom.o
 .debug_macro   0x0000000000000ddb       0x2e Core/Src/BluetoothCom.o
 .debug_macro   0x0000000000000e09       0x28 Core/Src/BluetoothCom.o
 .debug_macro   0x0000000000000e31       0x22 Core/Src/BluetoothCom.o
 .debug_macro   0x0000000000000e53       0x8e Core/Src/BluetoothCom.o
 .debug_macro   0x0000000000000ee1       0x51 Core/Src/BluetoothCom.o
 .debug_macro   0x0000000000000f32       0xef Core/Src/BluetoothCom.o
 .debug_macro   0x0000000000001021       0x6a Core/Src/BluetoothCom.o
 .debug_macro   0x000000000000108b      0x1df Core/Src/BluetoothCom.o
 .debug_macro   0x000000000000126a       0x1c Core/Src/BluetoothCom.o
 .debug_macro   0x0000000000001286       0x22 Core/Src/BluetoothCom.o
 .debug_macro   0x00000000000012a8       0xdf Core/Src/BluetoothCom.o
 .debug_macro   0x0000000000001387     0x102d Core/Src/BluetoothCom.o
 .debug_macro   0x00000000000023b4      0x11f Core/Src/BluetoothCom.o
 .debug_macro   0x00000000000024d3     0xb937 Core/Src/BluetoothCom.o
 .debug_macro   0x000000000000de0a       0x43 Core/Src/BluetoothCom.o
 .debug_macro   0x000000000000de4d     0x3659 Core/Src/BluetoothCom.o
 .debug_macro   0x00000000000114a6      0x174 Core/Src/BluetoothCom.o
 .debug_macro   0x000000000001161a       0x5a Core/Src/BluetoothCom.o
 .debug_macro   0x0000000000011674      0x447 Core/Src/BluetoothCom.o
 .debug_macro   0x0000000000011abb      0x9fe Core/Src/BluetoothCom.o
 .debug_macro   0x00000000000124b9      0x15f Core/Src/BluetoothCom.o
 .debug_macro   0x0000000000012618      0x117 Core/Src/BluetoothCom.o
 .debug_macro   0x000000000001272f      0x11b Core/Src/BluetoothCom.o
 .debug_macro   0x000000000001284a       0x27 Core/Src/BluetoothCom.o
 .debug_macro   0x0000000000012871      0x287 Core/Src/BluetoothCom.o
 .debug_macro   0x0000000000012af8       0x5f Core/Src/BluetoothCom.o
 .debug_macro   0x0000000000012b57      0x236 Core/Src/BluetoothCom.o
 .debug_macro   0x0000000000012d8d      0x132 Core/Src/BluetoothCom.o
 .debug_macro   0x0000000000012ebf      0x264 Core/Src/BluetoothCom.o
 .debug_macro   0x0000000000013123       0x2e Core/Src/BluetoothCom.o
 .debug_macro   0x0000000000013151      0x1b5 Core/Src/BluetoothCom.o
 .debug_macro   0x0000000000013306       0x22 Core/Src/BluetoothCom.o
 .debug_macro   0x0000000000013328       0xd6 Core/Src/BluetoothCom.o
 .debug_macro   0x00000000000133fe      0x11a Core/Src/BluetoothCom.o
 .debug_macro   0x0000000000013518       0x85 Core/Src/BluetoothCom.o
 .debug_macro   0x000000000001359d       0x89 Core/Src/BluetoothCom.o
 .debug_macro   0x0000000000013626      0x8a0 Core/Src/BluetoothCom.o
 .debug_macro   0x0000000000013ec6       0x47 Core/Src/BluetoothCom.o
 .debug_macro   0x0000000000013f0d      0x287 Core/Src/BluetoothCom.o
 .debug_macro   0x0000000000014194      0x126 Core/Src/BluetoothCom.o
 .debug_macro   0x00000000000142ba      0x1f1 Core/Src/DelayMS.o
 .debug_macro   0x00000000000144ab      0x1fb Core/Src/FlameSensor.o
 .debug_macro   0x00000000000146a6      0x2d7 Core/Src/Magnetometer.o
 .debug_macro   0x000000000001497d       0x46 Core/Src/Magnetometer.o
 .debug_macro   0x00000000000149c3       0x18 Core/Src/Magnetometer.o
 .debug_macro   0x00000000000149db       0x3c Core/Src/Magnetometer.o
 .debug_macro   0x0000000000014a17       0x34 Core/Src/Magnetometer.o
 .debug_macro   0x0000000000014a4b       0x52 Core/Src/Magnetometer.o
 .debug_macro   0x0000000000014a9d       0x1f Core/Src/Magnetometer.o
 .debug_macro   0x0000000000014abc       0x43 Core/Src/Magnetometer.o
 .debug_macro   0x0000000000014aff       0x20 Core/Src/Magnetometer.o
 .debug_macro   0x0000000000014b1f      0x1a3 Core/Src/Magnetometer.o
 .debug_macro   0x0000000000014cc2      0x32a Core/Src/Magnetometer.o
 .debug_macro   0x0000000000014fec      0x1e1 Core/Src/Magnetometer.o
 .debug_macro   0x00000000000151cd       0x16 Core/Src/Magnetometer.o
 .debug_macro   0x00000000000151e3       0x35 Core/Src/Magnetometer.o
 .debug_macro   0x0000000000015218       0x16 Core/Src/Magnetometer.o
 .debug_macro   0x000000000001522e       0x29 Core/Src/Magnetometer.o
 .debug_macro   0x0000000000015257      0x2c4 Core/Src/MotorDriver.o
 .debug_macro   0x000000000001551b      0x205 Core/Src/Temperature.o
 .debug_macro   0x0000000000015720      0x205 Core/Src/UltraSonicSensor.o
 .debug_macro   0x0000000000015925      0x2e0 Core/Src/WorkQueue.o
 .debug_macro   0x0000000000015c05       0x16 Core/Src/WorkQueue.o
 .debug_macro   0x0000000000015c1b       0x20 Core/Src/WorkQueue.o
 .debug_macro   0x0000000000015c3b      0x39c Core/Src/main.o
 .debug_macro   0x0000000000015fd7       0xca Core/Src/main.o
 .debug_macro   0x00000000000160a1       0x16 Core/Src/main.o
 .debug_macro   0x00000000000160b7       0x10 Core/Src/main.o
 .debug_macro   0x00000000000160c7       0x10 Core/Src/main.o
 .debug_macro   0x00000000000160d7       0x1c Core/Src/main.o
 .debug_macro   0x00000000000160f3       0x52 Core/Src/main.o
 .debug_macro   0x0000000000016145       0x40 Core/Src/main.o
 .debug_macro   0x0000000000016185       0x10 Core/Src/main.o
 .debug_macro   0x0000000000016195       0x40 Core/Src/main.o
 .debug_macro   0x00000000000161d5       0xd7 Core/Src/main.o
 .debug_macro   0x00000000000162ac       0x1c Core/Src/main.o
 .debug_macro   0x00000000000162c8       0x3d Core/Src/main.o
 .debug_macro   0x0000000000016305       0x16 Core/Src/main.o
 .debug_macro   0x000000000001631b      0x145 Core/Src/main.o
 .debug_macro   0x0000000000016460      0x1f6 Core/Src/stm32f4xx_hal_msp.o
 .debug_macro   0x0000000000016656      0x200 Core/Src/stm32f4xx_it.o
 .debug_macro   0x0000000000016856      0x1ae Core/Src/sysmem.o
 .debug_macro   0x0000000000016a04      0x23b Core/Src/sysmem.o
 .debug_macro   0x0000000000016c3f      0x1ed Core/Src/system_stm32f4xx.o
 .debug_macro   0x0000000000016e2c      0x247 Drivers/STM32F4xx_HAL_Driver/Src/stm32f4xx_hal.o
 .debug_macro   0x0000000000017073      0x1e7 Drivers/STM32F4xx_HAL_Driver/Src/stm32f4xx_hal_cortex.o
 .debug_macro   0x000000000001725a      0x1ed Drivers/STM32F4xx_HAL_Driver/Src/stm32f4xx_hal_dma.o
 .debug_macro   0x0000000000017447      0x21d Drivers/STM32F4xx_HAL_Driver/Src/stm32f4xx_hal_gpio.o
 .debug_macro   0x0000000000017664      0x227 Drivers/STM32F4xx_HAL_Driver/Src/stm32f4xx_hal_i2c.o
 .debug_macro   0x000000000001788b      0x20b Drivers/STM32F4xx_HAL_Driver/Src/stm32f4xx_hal_rcc.o
 .debug_macro   0x0000000000017a96      0x1e8 Drivers/STM32F4xx_HAL_Driver/Src/stm32f4xx_hal_tim.o
 .debug_macro   0x0000000000017c7e      0x1e7 Drivers/STM32F4xx_HAL_Driver/Src/stm32f4xx_hal_tim_ex.o
 .debug_macro   0x0000000000017e65      0x1e8 Drivers/STM32F4xx_HAL_Driver/Src/stm32f4xx_hal_uart.o

.debug_line     0x0000000000000000     0xe69a
 .debug_line    0x0000000000000000      0x714 Core/Src/BluetoothCom.o
 .debug_line    0x0000000000000714      0x723 Core/Src/DelayMS.o
 .debug_line    0x0000000000000e37      0x724 Core/Src/FlameSensor.o
 .debug_line    0x000000000000155b      0x8e3 Core/Src/Magnetometer.o
 .debug_line    0x0000000000001e3e      0x909 Core/Src/MotorDriver.o
 .debug_line    0x0000000000002747      0x7f3 Core/Src/Temperature.o
 .debug_line    0x0000000000002f3a      0x7c7 Core/Src/UltraSonicSensor.o
 .debug_line    0x0000000000003701      0x8dc Core/Src/WorkQueue.o
 .debug_line    0x0000000000003fdd      0xb44 Core/Src/main.o
 .debug_line    0x0000000000004b21      0x7c9 Core/Src/stm32f4xx_hal_msp.o
 .debug_line    0x00000000000052ea      0x814 Core/Src/stm32f4xx_it.o
 .debug_line    0x0000000000005afe      0x55e Core/Src/sysmem.o
 .debug_line    0x000000000000605c      0x70d Core/Src/system_stm32f4xx.o
 .debug_line    0x0000000000006769       0x85 Core/Startup/startup_stm32f411retx.o
 .debug_line    0x00000000000067ee      0x8f7 Drivers/STM32F4xx_HAL_Driver/Src/stm32f4xx_hal.o
 .debug_line    0x00000000000070e5      0xa1b Drivers/STM32F4xx_HAL_Driver/Src/stm32f4xx_hal_cortex.o
 .debug_line    0x0000000000007b00      0x9c5 Drivers/STM32F4xx_HAL_Driver/Src/stm32f4xx_hal_dma.o
 .debug_line    0x00000000000084c5      0x89a Drivers/STM32F4xx_HAL_Driver/Src/stm32f4xx_hal_gpio.o
 .debug_line    0x0000000000008d5f     0x1b31 Drivers/STM32F4xx_HAL_Driver/Src/stm32f4xx_hal_i2c.o
 .debug_line    0x000000000000a890      0x94f Drivers/STM32F4xx_HAL_Driver/Src/stm32f4xx_hal_rcc.o
 .debug_line    0x000000000000b1df     0x17b4 Drivers/STM32F4xx_HAL_Driver/Src/stm32f4xx_hal_tim.o
 .debug_line    0x000000000000c993      0xd02 Drivers/STM32F4xx_HAL_Driver/Src/stm32f4xx_hal_tim_ex.o
 .debug_line    0x000000000000d695     0x1005 Drivers/STM32F4xx_HAL_Driver/Src/stm32f4xx_hal_uart.o

.debug_str      0x0000000000000000    0x9055e
 .debug_str     0x0000000000000000    0x86bf2 Core/Src/BluetoothCom.o
                                      0x86ed6 (size before relaxing)
 .debug_str     0x0000000000086bf2      0x1ef Core/Src/DelayMS.o
                                      0x86eec (size before relaxing)
 .debug_str     0x0000000000086de1       0xbd Core/Src/FlameSensor.o
                                      0x86b45 (size before relaxing)
 .debug_str     0x0000000000086e9e     0x3b4b Core/Src/Magnetometer.o
                                      0x8a950 (size before relaxing)
 .debug_str     0x000000000008a9e9       0xfa Core/Src/MotorDriver.o
                                      0x8a010 (size before relaxing)
 .debug_str     0x000000000008aae3       0xfe Core/Src/Temperature.o
                                      0x87021 (size before relaxing)
 .debug_str     0x000000000008abe1      0x1ba Core/Src/UltraSonicSensor.o
                                      0x870cb (size before relaxing)
 .debug_str     0x000000000008ad9b       0xf2 Core/Src/WorkQueue.o
                                      0x89b6e (size before relaxing)
 .debug_str     0x000000000008ae8d     0x1d9f Core/Src/main.o
                                      0x8c0fe (size before relaxing)
 .debug_str     0x000000000008cc2c       0xa8 Core/Src/stm32f4xx_hal_msp.o
                                      0x87cb9 (size before relaxing)
 .debug_str     0x000000000008ccd4      0x14d Core/Src/stm32f4xx_it.o
                                      0x875a9 (size before relaxing)
 .debug_str     0x000000000008ce21      0x4d1 Core/Src/sysmem.o
                                       0x7af3 (size before relaxing)
 .debug_str     0x000000000008d2f2       0xc4 Core/Src/system_stm32f4xx.o
                                      0x86c2c (size before relaxing)
 .debug_str     0x000000000008d3b6       0x36 Core/Startup/startup_stm32f411retx.o
                                         0x75 (size before relaxing)
 .debug_str     0x000000000008d3ec      0x58d Drivers/STM32F4xx_HAL_Driver/Src/stm32f4xx_hal.o
                                      0x875a1 (size before relaxing)
 .debug_str     0x000000000008d979      0x399 Drivers/STM32F4xx_HAL_Driver/Src/stm32f4xx_hal_cortex.o
                                      0x8737e (size before relaxing)
 .debug_str     0x000000000008dd12      0x31d Drivers/STM32F4xx_HAL_Driver/Src/stm32f4xx_hal_dma.o
                                      0x8702f (size before relaxing)
 .debug_str     0x000000000008e02f      0x1ec Drivers/STM32F4xx_HAL_Driver/Src/stm32f4xx_hal_gpio.o
                                      0x86e6b (size before relaxing)
 .debug_str     0x000000000008e21b      0xa80 Drivers/STM32F4xx_HAL_Driver/Src/stm32f4xx_hal_i2c.o
                                      0x87b68 (size before relaxing)
 .debug_str     0x000000000008ec9b      0x24e Drivers/STM32F4xx_HAL_Driver/Src/stm32f4xx_hal_rcc.o
                                      0x87019 (size before relaxing)
 .debug_str     0x000000000008eee9      0xce4 Drivers/STM32F4xx_HAL_Driver/Src/stm32f4xx_hal_tim.o
                                      0x87d26 (size before relaxing)
 .debug_str     0x000000000008fbcd      0x4a2 Drivers/STM32F4xx_HAL_Driver/Src/stm32f4xx_hal_tim_ex.o
                                      0x87526 (size before relaxing)
 .debug_str     0x000000000009006f      0x4ef Drivers/STM32F4xx_HAL_Driver/Src/stm32f4xx_hal_uart.o
                                      0x87466 (size before relaxing)

.comment        0x0000000000000000       0x7b
 .comment       0x0000000000000000       0x7b Core/Src/BluetoothCom.o
                                         0x7c (size before relaxing)
 .comment       0x000000000000007b       0x7c Core/Src/DelayMS.o
 .comment       0x000000000000007b       0x7c Core/Src/FlameSensor.o
 .comment       0x000000000000007b       0x7c Core/Src/Magnetometer.o
 .comment       0x000000000000007b       0x7c Core/Src/MotorDriver.o
 .comment       0x000000000000007b       0x7c Core/Src/Temperature.o
 .comment       0x000000000000007b       0x7c Core/Src/UltraSonicSensor.o
 .comment       0x000000000000007b       0x7c Core/Src/WorkQueue.o
 .comment       0x000000000000007b       0x7c Core/Src/main.o
 .comment       0x000000000000007b       0x7c Core/Src/stm32f4xx_hal_msp.o