main.c:80:6:HAL_TIM_PeriodElapsedCallback	16	static
main.c:101:6:HAL_UART_RxCpltCallback	16	static
main.c:112:6:HAL_GPIO_EXTI_Callback	16	static
main.c:124:6:startSensorTimers	8	static
main.c:128:6:stopSensorTimers	8	static
main.c:142:5:main	56	static
main.c:263:6:SystemClock_Config	88	static
main.c:307:13:MX_I2C1_Init	8	static
main.c:341:13:MX_TIM1_Init	32	static
main.c:387:13:MX_TIM2_Init	32	static
main.c:432:13:MX_TIM3_Init	32	static
main.c:477:13:MX_TIM4_Init	32	static
main.c:522:13:MX_USART1_UART_Init	8	static
main.c:553:13:MX_DMA_Init	16	static
main.c:574:13:MX_GPIO_Init	40	static
main.c:658:6:Error_Handler	4	static
